Archive member included to satisfy reference by file (symbol)

C:/ST/STM32CubeIDE_1.14.0/STM32CubeIDE/plugins/com.st.stm32cube.ide.mcu.externaltools.gnu-tools-for-stm32.11.3.rel1.win32_1.1.100.202309141235/tools/bin/../lib/gcc/arm-none-eabi/11.3.1/../../../../arm-none-eabi/lib/thumb/v7e-m+fp/hard\libc_nano.a(libc_a-atoi.o)
                              ./Core/Src/Communicative_Bootloader_Logic.o (atoi)
C:/ST/STM32CubeIDE_1.14.0/STM32CubeIDE/plugins/com.st.stm32cube.ide.mcu.externaltools.gnu-tools-for-stm32.11.3.rel1.win32_1.1.100.202309141235/tools/bin/../lib/gcc/arm-none-eabi/11.3.1/../../../../arm-none-eabi/lib/thumb/v7e-m+fp/hard\libc_nano.a(libc_a-exit.o)
                              C:/ST/STM32CubeIDE_1.14.0/STM32CubeIDE/plugins/com.st.stm32cube.ide.mcu.externaltools.gnu-tools-for-stm32.11.3.rel1.win32_1.1.100.202309141235/tools/bin/../lib/gcc/arm-none-eabi/11.3.1/../../../../arm-none-eabi/lib/thumb/v7e-m+fp/hard/crt0.o (exit)
C:/ST/STM32CubeIDE_1.14.0/STM32CubeIDE/plugins/com.st.stm32cube.ide.mcu.externaltools.gnu-tools-for-stm32.11.3.rel1.win32_1.1.100.202309141235/tools/bin/../lib/gcc/arm-none-eabi/11.3.1/../../../../arm-none-eabi/lib/thumb/v7e-m+fp/hard\libc_nano.a(libc_a-strtol.o)
                              C:/ST/STM32CubeIDE_1.14.0/STM32CubeIDE/plugins/com.st.stm32cube.ide.mcu.externaltools.gnu-tools-for-stm32.11.3.rel1.win32_1.1.100.202309141235/tools/bin/../lib/gcc/arm-none-eabi/11.3.1/../../../../arm-none-eabi/lib/thumb/v7e-m+fp/hard\libc_nano.a(libc_a-atoi.o) (_strtol_r)
C:/ST/STM32CubeIDE_1.14.0/STM32CubeIDE/plugins/com.st.stm32cube.ide.mcu.externaltools.gnu-tools-for-stm32.11.3.rel1.win32_1.1.100.202309141235/tools/bin/../lib/gcc/arm-none-eabi/11.3.1/../../../../arm-none-eabi/lib/thumb/v7e-m+fp/hard\libc_nano.a(libc_a-ctype_.o)
                              C:/ST/STM32CubeIDE_1.14.0/STM32CubeIDE/plugins/com.st.stm32cube.ide.mcu.externaltools.gnu-tools-for-stm32.11.3.rel1.win32_1.1.100.202309141235/tools/bin/../lib/gcc/arm-none-eabi/11.3.1/../../../../arm-none-eabi/lib/thumb/v7e-m+fp/hard\libc_nano.a(libc_a-strtol.o) (_ctype_)
C:/ST/STM32CubeIDE_1.14.0/STM32CubeIDE/plugins/com.st.stm32cube.ide.mcu.externaltools.gnu-tools-for-stm32.11.3.rel1.win32_1.1.100.202309141235/tools/bin/../lib/gcc/arm-none-eabi/11.3.1/../../../../arm-none-eabi/lib/thumb/v7e-m+fp/hard\libc_nano.a(libc_a-findfp.o)
                              C:/ST/STM32CubeIDE_1.14.0/STM32CubeIDE/plugins/com.st.stm32cube.ide.mcu.externaltools.gnu-tools-for-stm32.11.3.rel1.win32_1.1.100.202309141235/tools/bin/../lib/gcc/arm-none-eabi/11.3.1/../../../../arm-none-eabi/lib/thumb/v7e-m+fp/hard\libc_nano.a(libc_a-exit.o) (__stdio_exit_handler)
C:/ST/STM32CubeIDE_1.14.0/STM32CubeIDE/plugins/com.st.stm32cube.ide.mcu.externaltools.gnu-tools-for-stm32.11.3.rel1.win32_1.1.100.202309141235/tools/bin/../lib/gcc/arm-none-eabi/11.3.1/../../../../arm-none-eabi/lib/thumb/v7e-m+fp/hard\libc_nano.a(libc_a-fwalk.o)
                              C:/ST/STM32CubeIDE_1.14.0/STM32CubeIDE/plugins/com.st.stm32cube.ide.mcu.externaltools.gnu-tools-for-stm32.11.3.rel1.win32_1.1.100.202309141235/tools/bin/../lib/gcc/arm-none-eabi/11.3.1/../../../../arm-none-eabi/lib/thumb/v7e-m+fp/hard\libc_nano.a(libc_a-findfp.o) (_fwalk_sglue)
C:/ST/STM32CubeIDE_1.14.0/STM32CubeIDE/plugins/com.st.stm32cube.ide.mcu.externaltools.gnu-tools-for-stm32.11.3.rel1.win32_1.1.100.202309141235/tools/bin/../lib/gcc/arm-none-eabi/11.3.1/../../../../arm-none-eabi/lib/thumb/v7e-m+fp/hard\libc_nano.a(libc_a-stdio.o)
                              C:/ST/STM32CubeIDE_1.14.0/STM32CubeIDE/plugins/com.st.stm32cube.ide.mcu.externaltools.gnu-tools-for-stm32.11.3.rel1.win32_1.1.100.202309141235/tools/bin/../lib/gcc/arm-none-eabi/11.3.1/../../../../arm-none-eabi/lib/thumb/v7e-m+fp/hard\libc_nano.a(libc_a-findfp.o) (__sread)
C:/ST/STM32CubeIDE_1.14.0/STM32CubeIDE/plugins/com.st.stm32cube.ide.mcu.externaltools.gnu-tools-for-stm32.11.3.rel1.win32_1.1.100.202309141235/tools/bin/../lib/gcc/arm-none-eabi/11.3.1/../../../../arm-none-eabi/lib/thumb/v7e-m+fp/hard\libc_nano.a(libc_a-memset.o)
                              C:/ST/STM32CubeIDE_1.14.0/STM32CubeIDE/plugins/com.st.stm32cube.ide.mcu.externaltools.gnu-tools-for-stm32.11.3.rel1.win32_1.1.100.202309141235/tools/bin/../lib/gcc/arm-none-eabi/11.3.1/../../../../arm-none-eabi/lib/thumb/v7e-m+fp/hard/crt0.o (memset)
C:/ST/STM32CubeIDE_1.14.0/STM32CubeIDE/plugins/com.st.stm32cube.ide.mcu.externaltools.gnu-tools-for-stm32.11.3.rel1.win32_1.1.100.202309141235/tools/bin/../lib/gcc/arm-none-eabi/11.3.1/../../../../arm-none-eabi/lib/thumb/v7e-m+fp/hard\libc_nano.a(libc_a-closer.o)
                              C:/ST/STM32CubeIDE_1.14.0/STM32CubeIDE/plugins/com.st.stm32cube.ide.mcu.externaltools.gnu-tools-for-stm32.11.3.rel1.win32_1.1.100.202309141235/tools/bin/../lib/gcc/arm-none-eabi/11.3.1/../../../../arm-none-eabi/lib/thumb/v7e-m+fp/hard\libc_nano.a(libc_a-stdio.o) (_close_r)
[...]
Memory Configuration

Name             Origin             Length             Attributes
RAM              0x0000000020000000 0x0000000000020000 xrw
FLASH            0x0000000008000000 0x0000000000080000 xr
*default*        0x0000000000000000 0xffffffffffffffff

Linker script and memory map

LOAD C:/ST/STM32CubeIDE_1.14.0/STM32CubeIDE/plugins/com.st.stm32cube.ide.mcu.externaltools.gnu-tools-for-stm32.11.3.rel1.win32_1.1.100.202309141235/tools/bin/../lib/gcc/arm-none-eabi/11.3.1/thumb/v7e-m+fp/hard/crti.o
LOAD C:/ST/STM32CubeIDE_1.14.0/STM32CubeIDE/plugins/com.st.stm32cube.ide.mcu.externaltools.gnu-tools-for-stm32.11.3.rel1.win32_1.1.100.202309141235/tools/bin/../lib/gcc/arm-none-eabi/11.3.1/thumb/v7e-m+fp/hard/crtbegin.o
LOAD C:/ST/STM32CubeIDE_1.14.0/STM32CubeIDE/plugins/com.st.stm32cube.ide.mcu.externaltools.gnu-tools-for-stm32.11.3.rel1.win32_1.1.100.202309141235/tools/bin/../lib/gcc/arm-none-eabi/11.3.1/../../../../arm-none-eabi/lib/thumb/v7e-m+fp/hard/crt0.o
LOAD ./Core/Src/Communicative_Bootloader_Logic.o
LOAD ./Core/Src/can.o
LOAD ./Core/Src/gpio.o
LOAD ./Core/Src/main.o
LOAD ./Core/Src/rtc.o
LOAD ./Core/Src/stm32f4xx_hal_msp.o
LOAD ./Core/Src/stm32f4xx_it.o
LOAD ./Core/Src/syscalls.o
LOAD ./Core/Src/sysmem.o
LOAD ./Core/Src/system_stm32f4xx.o
LOAD ./Core/Startup/startup_stm32f446retx.o
LOAD ./Drivers/STM32F4xx_HAL_Driver/Src/stm32f4xx_hal.o
LOAD ./Drivers/STM32F4xx_HAL_Driver/Src/stm32f4xx_hal_can.o
LOAD ./Drivers/STM32F4xx_HAL_Driver/Src/stm32f4xx_hal_cortex.o
LOAD ./Drivers/STM32F4xx_HAL_Driver/Src/stm32f4xx_hal_dma.o
LOAD ./Drivers/STM32F4xx_HAL_Driver/Src/stm32f4xx_hal_dma_ex.o
LOAD ./Drivers/STM32F4xx_HAL_Driver/Src/stm32f4xx_hal_exti.o
LOAD ./Drivers/STM32F4xx_HAL_Driver/Src/stm32f4xx_hal_flash.o
LOAD ./Drivers/STM32F4xx_HAL_Driver/Src/stm32f4xx_hal_flash_ex.o
LOAD ./Drivers/STM32F4xx_HAL_Driver/Src/stm32f4xx_hal_flash_ramfunc.o
LOAD ./Drivers/STM32F4xx_HAL_Driver/Src/stm32f4xx_hal_gpio.o
LOAD ./Drivers/STM32F4xx_HAL_Driver/Src/stm32f4xx_hal_pwr.o
LOAD ./Drivers/STM32F4xx_HAL_Driver/Src/stm32f4xx_hal_pwr_ex.o
LOAD ./Drivers/STM32F4xx_HAL_Driver/Src/stm32f4xx_hal_rcc.o
LOAD ./Drivers/STM32F4xx_HAL_Driver/Src/stm32f4xx_hal_rcc_ex.o
LOAD ./Drivers/STM32F4xx_HAL_Driver/Src/stm32f4xx_hal_rtc.o
LOAD ./Drivers/STM32F4xx_HAL_Driver/Src/stm32f4xx_hal_rtc_ex.o
LOAD ./Drivers/STM32F4xx_HAL_Driver/Src/stm32f4xx_hal_tim.o
LOAD ./Drivers/STM32F4xx_HAL_Driver/Src/stm32f4xx_hal_tim_ex.o
START GROUP
LOAD C:/ST/STM32CubeIDE_1.14.0/STM32CubeIDE/plugins/com.st.stm32cube.ide.mcu.externaltools.gnu-tools-for-stm32.11.3.rel1.win32_1.1.100.202309141235/tools/bin/../lib/gcc/arm-none-eabi/11.3.1/../../../../arm-none-eabi/lib/thumb/v7e-m+fp/hard\libc_nano.a
LOAD C:/ST/STM32CubeIDE_1.14.0/STM32CubeIDE/plugins/com.st.stm32cube.ide.mcu.externaltools.gnu-tools-for-stm32.11.3.rel1.win32_1.1.100.202309141235/tools/bin/../lib/gcc/arm-none-eabi/11.3.1/../../../../arm-none-eabi/lib/thumb/v7e-m+fp/hard\libm.a
END GROUP
START GROUP
LOAD C:/ST/STM32CubeIDE_1.14.0/STM32CubeIDE/plugins/com.st.stm32cube.ide.mcu.externaltools.gnu-tools-for-stm32.11.3.rel1.win32_1.1.100.202309141235/tools/bin/../lib/gcc/arm-none-eabi/11.3.1/thumb/v7e-m+fp/hard\libgcc.a
LOAD C:/ST/STM32CubeIDE_1.14.0/STM32CubeIDE/plugins/com.st.stm32cube.ide.mcu.externaltools.gnu-tools-for-stm32.11.3.rel1.win32_1.1.100.202309141235/tools/bin/../lib/gcc/arm-none-eabi/11.3.1/../../../../arm-none-eabi/lib/thumb/v7e-m+fp/hard\libc_nano.a
END GROUP
START GROUP
LOAD C:/ST/STM32CubeIDE_1.14.0/STM32CubeIDE/plugins/com.st.stm32cube.ide.mcu.externaltools.gnu-tools-for-stm32.11.3.rel1.win32_1.1.100.202309141235/tools/bin/../lib/gcc/arm-none-eabi/11.3.1/thumb/v7e-m+fp/hard\libgcc.a
LOAD C:/ST/STM32CubeIDE_1.14.0/STM32CubeIDE/plugins/com.st.stm32cube.ide.mcu.externaltools.gnu-tools-for-stm32.11.3.rel1.win32_1.1.100.202309141235/tools/bin/../lib/gcc/arm-none-eabi/11.3.1/../../../../arm-none-eabi/lib/thumb/v7e-m+fp/hard\libc_nano.a
LOAD C:/ST/STM32CubeIDE_1.14.0/STM32CubeIDE/plugins/com.st.stm32cube.ide.mcu.externaltools.gnu-tools-for-stm32.11.3.rel1.win32_1.1.100.202309141235/tools/bin/../lib/gcc/arm-none-eabi/11.3.1/../../../../arm-none-eabi/lib/thumb/v7e-m+fp/hard\libnosys.a
END GROUP
START GROUP
LOAD C:/ST/STM32CubeIDE_1.14.0/STM32CubeIDE/plugins/com.st.stm32cube.ide.mcu.externaltools.gnu-tools-for-stm32.11.3.rel1.win32_1.1.100.202309141235/tools/bin/../lib/gcc/arm-none-eabi/11.3.1/thumb/v7e-m+fp/hard\libgcc.a
LOAD C:/ST/STM32CubeIDE_1.14.0/STM32CubeIDE/plugins/com.st.stm32cube.ide.mcu.externaltools.gnu-tools-for-stm32.11.3.rel1.win32_1.1.100.202309141235/tools/bin/../lib/gcc/arm-none-eabi/11.3.1/../../../../arm-none-eabi/lib/thumb/v7e-m+fp/hard\libc_nano.a
LOAD C:/ST/STM32CubeIDE_1.14.0/STM32CubeIDE/plugins/com.st.stm32cube.ide.mcu.externaltools.gnu-tools-for-stm32.11.3.rel1.win32_1.1.100.202309141235/tools/bin/../lib/gcc/arm-none-eabi/11.3.1/../../../../arm-none-eabi/lib/thumb/v7e-m+fp/hard\libnosys.a
END GROUP
LOAD C:/ST/STM32CubeIDE_1.14.0/STM32CubeIDE/plugins/com.st.stm32cube.ide.mcu.externaltools.gnu-tools-for-stm32.11.3.rel1.win32_1.1.100.202309141235/tools/bin/../lib/gcc/arm-none-eabi/11.3.1/thumb/v7e-m+fp/hard/crtend.o
LOAD C:/ST/STM32CubeIDE_1.14.0/STM32CubeIDE/plugins/com.st.stm32cube.ide.mcu.externaltools.gnu-tools-for-stm32.11.3.rel1.win32_1.1.100.202309141235/tools/bin/../lib/gcc/arm-none-eabi/11.3.1/thumb/v7e-m+fp/hard/crtn.o
                0x0000000020020000                _estack = (ORIGIN (RAM) + LENGTH (RAM))
                0x0000000000000200                _Min_Heap_Size = 0x200
                0x0000000000000400                _Min_Stack_Size = 0x400

.isr_vector     0x0000000008000000      0x1c4
                0x0000000008000000                . = ALIGN (0x4)
 *(.isr_vector)
 .isr_vector    0x0000000008000000      0x1c4 ./Core/Startup/startup_stm32f446retx.o
                0x0000000008000000                g_pfnVectors
                0x00000000080001c4                . = ALIGN (0x4)

.text           0x00000000080001c4     0x323c
                0x00000000080001c4                . = ALIGN (0x4)
 *(.text)
 .text          0x00000000080001c4       0x40 C:/ST/STM32CubeIDE_1.14.0/STM32CubeIDE/plugins/com.st.stm32cube.ide.mcu.externaltools.gnu-tools-for-stm32.11.3.rel1.win32_1.1.100.202309141235/tools/bin/../lib/gcc/arm-none-eabi/11.3.1/thumb/v7e-m+fp/hard/crtbegin.o
 .text          0x0000000008000204       0x30 C:/ST/STM32CubeIDE_1.14.0/STM32CubeIDE/plugins/com.st.stm32cube.ide.mcu.externaltools.gnu-tools-for-stm32.11.3.rel1.win32_1.1.100.202309141235/tools/bin/../lib/gcc/arm-none-eabi/11.3.1/thumb/v7e-m+fp/hard\libgcc.a(_aeabi_uldivmod.o)
                0x0000000008000204                __aeabi_uldivmod
 .text          0x0000000008000234      0x2c8 C:/ST/STM32CubeIDE_1.14.0/STM32CubeIDE/plugins/com.st.stm32cube.ide.mcu.externaltools.gnu-tools-for-stm32.11.3.rel1.win32_1.1.100.202309141235/tools/bin/../lib/gcc/arm-none-eabi/11.3.1/thumb/v7e-m+fp/hard\libgcc.a(_udivmoddi4.o)
                0x0000000008000234                __udivmoddi4
 .text          0x00000000080004fc        0x4 C:/ST/STM32CubeIDE_1.14.0/STM32CubeIDE/plugins/com.st.stm32cube.ide.mcu.externaltools.gnu-tools-for-stm32.11.3.rel1.win32_1.1.100.202309141235/tools/bin/../lib/gcc/arm-none-eabi/11.3.1/thumb/v7e-m+fp/hard\libgcc.a(_dvmd_tls.o)
                0x00000000080004fc                __aeabi_idiv0
                0x00000000080004fc                __aeabi_ldiv0
 *(.text*)
 .text.__NVIC_SystemReset
                0x0000000008000500       0x2c ./Core/Src/Communicative_Bootloader_Logic.o
 .text.GetSector
                0x000000000800052c       0xf4 ./Core/Src/Communicative_Bootloader_Logic.o
 .text.Flash_Memory_Erase
                0x0000000008000620       0x6c ./Core/Src/Communicative_Bootloader_Logic.o
 .text.Flash_Memory_Write
                0x000000000800068c       0x66 ./Core/Src/Communicative_Bootloader_Logic.o
 *fill*         0x00000000080006f2        0x2 
 .text.Write_RTC_backup_reg
                0x00000000080006f4       0x28 ./Core/Src/Communicative_Bootloader_Logic.o
 .text.Get_Version_Command_Handler
                0x000000000800071c       0x54 ./Core/Src/Communicative_Bootloader_Logic.o
 .text.Mem_Erase_BOOTLOADER_Command_Handler
                0x0000000008000770       0x78 ./Core/Src/Communicative_Bootloader_Logic.o
 .text.Mem_Write_BOOTLOADER_Command_Handler
                0x00000000080007e8       0xac ./Core/Src/Communicative_Bootloader_Logic.o
 .text.Leaving_To_Boot_Manager_Command_Handler
                0x0000000008000894       0x38 ./Core/Src/Communicative_Bootloader_Logic.o
 .text.Bootloader_Updater_Receive_Command
                0x00000000080008cc       0x84 ./Core/Src/Communicative_Bootloader_Logic.o
 .text.App_Logic
                0x0000000008000950        0xc ./Core/Src/Communicative_Bootloader_Logic.o
                0x0000000008000950                App_Logic
 .text.MX_CAN1_Init
                0x000000000800095c       0x68 ./Core/Src/can.o
                0x000000000800095c                MX_CAN1_Init
 .text.HAL_CAN_MspInit
                0x00000000080009c4       0x90 ./Core/Src/can.o
                0x00000000080009c4                HAL_CAN_MspInit
 .text.MX_GPIO_Init
                0x0000000008000a54       0x68 ./Core/Src/gpio.o
                0x0000000008000a54                MX_GPIO_Init
 .text.main     0x0000000008000abc       0x1e ./Core/Src/main.o
                0x0000000008000abc                main
 *fill*         0x0000000008000ada        0x2 
 .text.SystemClock_Config
                0x0000000008000adc       0xc8 ./Core/Src/main.o
                0x0000000008000adc                SystemClock_Config
 .text.Error_Handler
                0x0000000008000ba4        0xa ./Core/Src/main.o
                0x0000000008000ba4                Error_Handler
 *fill*         0x0000000008000bae        0x2 
 .text.MX_RTC_Init
                0x0000000008000bb0       0x4c ./Core/Src/rtc.o
                0x0000000008000bb0                MX_RTC_Init
 .text.HAL_RTC_MspInit
                0x0000000008000bfc       0x54 ./Core/Src/rtc.o
                0x0000000008000bfc                HAL_RTC_MspInit
 .text.HAL_MspInit
                0x0000000008000c50       0x50 ./Core/Src/stm32f4xx_hal_msp.o
                0x0000000008000c50                HAL_MspInit
 .text.NMI_Handler
                0x0000000008000ca0        0x6 ./Core/Src/stm32f4xx_it.o
                0x0000000008000ca0                NMI_Handler
 .text.HardFault_Handler
                0x0000000008000ca6        0x6 ./Core/Src/stm32f4xx_it.o
                0x0000000008000ca6                HardFault_Handler
 .text.MemManage_Handler
                0x0000000008000cac        0x6 ./Core/Src/stm32f4xx_it.o
                0x0000000008000cac                MemManage_Handler
 .text.BusFault_Handler
                0x0000000008000cb2        0x6 ./Core/Src/stm32f4xx_it.o
                0x0000000008000cb2                BusFault_Handler
 .text.UsageFault_Handler
                0x0000000008000cb8        0x6 ./Core/Src/stm32f4xx_it.o
                0x0000000008000cb8                UsageFault_Handler
 .text.SVC_Handler
                0x0000000008000cbe        0xe ./Core/Src/stm32f4xx_it.o
                0x0000000008000cbe                SVC_Handler
 .text.DebugMon_Handler
                0x0000000008000ccc        0xe ./Core/Src/stm32f4xx_it.o
                0x0000000008000ccc                DebugMon_Handler
 .text.PendSV_Handler
                0x0000000008000cda        0xe ./Core/Src/stm32f4xx_it.o
                0x0000000008000cda                PendSV_Handler
 .text.SysTick_Handler
                0x0000000008000ce8        0xc ./Core/Src/stm32f4xx_it.o
                0x0000000008000ce8                SysTick_Handler
 .text.SystemInit
                0x0000000008000cf4       0x24 ./Core/Src/system_stm32f4xx.o
                0x0000000008000cf4                SystemInit
 .text.Reset_Handler
                0x0000000008000d18       0x50 ./Core/Startup/startup_stm32f446retx.o
                0x0000000008000d18                Reset_Handler
 .text.Default_Handler
                0x0000000008000d68        0x2 ./Core/Startup/startup_stm32f446retx.o
                0x0000000008000d68                RTC_Alarm_IRQHandler
                0x0000000008000d68                EXTI2_IRQHandler
                0x0000000008000d68                TIM8_CC_IRQHandler
                0x0000000008000d68                FMPI2C1_EV_IRQHandler
                0x0000000008000d68                SPI4_IRQHandler
                0x0000000008000d68                TIM1_CC_IRQHandler
                0x0000000008000d68                DMA2_Stream5_IRQHandler
                0x0000000008000d68                DMA1_Stream5_IRQHandler
                0x0000000008000d68                PVD_IRQHandler
                0x0000000008000d68                SDIO_IRQHandler
                0x0000000008000d68                TAMP_STAMP_IRQHandler
                0x0000000008000d68                CAN2_RX1_IRQHandler
                0x0000000008000d68                EXTI3_IRQHandler
                0x0000000008000d68                TIM8_TRG_COM_TIM14_IRQHandler
                0x0000000008000d68                TIM1_UP_TIM10_IRQHandler
                0x0000000008000d68                TIM8_UP_TIM13_IRQHandler
                0x0000000008000d68                I2C3_ER_IRQHandler
                0x0000000008000d68                EXTI0_IRQHandler
                0x0000000008000d68                I2C2_EV_IRQHandler
                0x0000000008000d68                DMA1_Stream2_IRQHandler
                0x0000000008000d68                CAN1_RX0_IRQHandler
                0x0000000008000d68                FPU_IRQHandler
                0x0000000008000d68                OTG_HS_WKUP_IRQHandler
                0x0000000008000d68                CAN2_SCE_IRQHandler
                0x0000000008000d68                DMA2_Stream2_IRQHandler
                0x0000000008000d68                SPI1_IRQHandler
                0x0000000008000d68                TIM6_DAC_IRQHandler
                0x0000000008000d68                TIM1_BRK_TIM9_IRQHandler
                0x0000000008000d68                DCMI_IRQHandler
                0x0000000008000d68                CAN2_RX0_IRQHandler
                0x0000000008000d68                DMA2_Stream3_IRQHandler
                0x0000000008000d68                SAI2_IRQHandler
                0x0000000008000d68                USART6_IRQHandler
                0x0000000008000d68                USART3_IRQHandler
                0x0000000008000d68                CAN1_RX1_IRQHandler
                0x0000000008000d68                UART5_IRQHandler
                0x0000000008000d68                DMA2_Stream0_IRQHandler
                0x0000000008000d68                TIM4_IRQHandler
                0x0000000008000d68                QUADSPI_IRQHandler
                0x0000000008000d68                I2C1_EV_IRQHandler
                0x0000000008000d68                DMA1_Stream6_IRQHandler
                0x0000000008000d68                DMA1_Stream1_IRQHandler
                0x0000000008000d68                UART4_IRQHandler
                0x0000000008000d68                TIM3_IRQHandler
                0x0000000008000d68                RCC_IRQHandler
                0x0000000008000d68                TIM8_BRK_TIM12_IRQHandler
                0x0000000008000d68                Default_Handler
                0x0000000008000d68                CEC_IRQHandler
                0x0000000008000d68                EXTI15_10_IRQHandler
                0x0000000008000d68                ADC_IRQHandler
                0x0000000008000d68                DMA1_Stream7_IRQHandler
                0x0000000008000d68                TIM7_IRQHandler
                0x0000000008000d68                CAN2_TX_IRQHandler
                0x0000000008000d68                TIM5_IRQHandler
                0x0000000008000d68                DMA2_Stream7_IRQHandler
                0x0000000008000d68                I2C3_EV_IRQHandler
                0x0000000008000d68                EXTI9_5_IRQHandler
                0x0000000008000d68                RTC_WKUP_IRQHandler
                0x0000000008000d68                SPDIF_RX_IRQHandler
                0x0000000008000d68                SPI2_IRQHandler
                0x0000000008000d68                OTG_HS_EP1_IN_IRQHandler
                0x0000000008000d68                DMA1_Stream0_IRQHandler
                0x0000000008000d68                CAN1_TX_IRQHandler
                0x0000000008000d68                FMPI2C1_ER_IRQHandler
                0x0000000008000d68                EXTI4_IRQHandler
                0x0000000008000d68                OTG_HS_EP1_OUT_IRQHandler
                0x0000000008000d68                WWDG_IRQHandler
                0x0000000008000d68                TIM2_IRQHandler
                0x0000000008000d68                OTG_FS_WKUP_IRQHandler
                0x0000000008000d68                TIM1_TRG_COM_TIM11_IRQHandler
                0x0000000008000d68                OTG_HS_IRQHandler
                0x0000000008000d68                EXTI1_IRQHandler
                0x0000000008000d68                USART2_IRQHandler
                0x0000000008000d68                I2C2_ER_IRQHandler
                0x0000000008000d68                DMA2_Stream1_IRQHandler
                0x0000000008000d68                CAN1_SCE_IRQHandler
                0x0000000008000d68                FLASH_IRQHandler
                0x0000000008000d68                DMA2_Stream4_IRQHandler
                0x0000000008000d68                USART1_IRQHandler
                0x0000000008000d68                OTG_FS_IRQHandler
                0x0000000008000d68                SPI3_IRQHandler
                0x0000000008000d68                DMA1_Stream4_IRQHandler
                0x0000000008000d68                I2C1_ER_IRQHandler
                0x0000000008000d68                FMC_IRQHandler
                0x0000000008000d68                DMA2_Stream6_IRQHandler
                0x0000000008000d68                SAI1_IRQHandler
                0x0000000008000d68                DMA1_Stream3_IRQHandler
 *fill*         0x0000000008000d6a        0x2 
 .text.HAL_Init
                0x0000000008000d6c       0x44 ./Drivers/STM32F4xx_HAL_Driver/Src/stm32f4xx_hal.o
                0x0000000008000d6c                HAL_Init
 .text.HAL_InitTick
                0x0000000008000db0       0x60 ./Drivers/STM32F4xx_HAL_Driver/Src/stm32f4xx_hal.o
                0x0000000008000db0                HAL_InitTick
 .text.HAL_IncTick
                0x0000000008000e10       0x28 ./Drivers/STM32F4xx_HAL_Driver/Src/stm32f4xx_hal.o
                0x0000000008000e10                HAL_IncTick
 .text.HAL_GetTick
                0x0000000008000e38       0x18 ./Drivers/STM32F4xx_HAL_Driver/Src/stm32f4xx_hal.o
                0x0000000008000e38                HAL_GetTick
 .text.HAL_CAN_Init
                0x0000000008000e50      0x1f6 ./Drivers/STM32F4xx_HAL_Driver/Src/stm32f4xx_hal_can.o
                0x0000000008000e50                HAL_CAN_Init
 .text.HAL_CAN_AddTxMessage
                0x0000000008001046      0x1a0 ./Drivers/STM32F4xx_HAL_Driver/Src/stm32f4xx_hal_can.o
                0x0000000008001046                HAL_CAN_AddTxMessage
 .text.HAL_CAN_GetRxMessage
                0x00000000080011e6      0x244 ./Drivers/STM32F4xx_HAL_Driver/Src/stm32f4xx_hal_can.o
                0x00000000080011e6                HAL_CAN_GetRxMessage
 *fill*         0x000000000800142a        0x2 
 .text.__NVIC_SetPriorityGrouping
                0x000000000800142c       0x48 ./Drivers/STM32F4xx_HAL_Driver/Src/stm32f4xx_hal_cortex.o
 .text.__NVIC_GetPriorityGrouping
                0x0000000008001474       0x1c ./Drivers/STM32F4xx_HAL_Driver/Src/stm32f4xx_hal_cortex.o
 .text.__NVIC_SetPriority
                0x0000000008001490       0x54 ./Drivers/STM32F4xx_HAL_Driver/Src/stm32f4xx_hal_cortex.o
 .text.NVIC_EncodePriority
                0x00000000080014e4       0x66 ./Drivers/STM32F4xx_HAL_Driver/Src/stm32f4xx_hal_cortex.o
 *fill*         0x000000000800154a        0x2 
 .text.SysTick_Config
                0x000000000800154c       0x44 ./Drivers/STM32F4xx_HAL_Driver/Src/stm32f4xx_hal_cortex.o
 .text.HAL_NVIC_SetPriorityGrouping
                0x0000000008001590       0x16 ./Drivers/STM32F4xx_HAL_Driver/Src/stm32f4xx_hal_cortex.o
                0x0000000008001590                HAL_NVIC_SetPriorityGrouping
 .text.HAL_NVIC_SetPriority
                0x00000000080015a6       0x38 ./Drivers/STM32F4xx_HAL_Driver/Src/stm32f4xx_hal_cortex.o
                0x00000000080015a6                HAL_NVIC_SetPriority
 .text.HAL_SYSTICK_Config
                0x00000000080015de       0x18 ./Drivers/STM32F4xx_HAL_Driver/Src/stm32f4xx_hal_cortex.o
                0x00000000080015de                HAL_SYSTICK_Config
 *fill*         0x00000000080015f6        0x2 
 .text.HAL_FLASH_Program
                0x00000000080015f8       0xa8 ./Drivers/STM32F4xx_HAL_Driver/Src/stm32f4xx_hal_flash.o
                0x00000000080015f8                HAL_FLASH_Program
 .text.HAL_FLASH_Unlock
                0x00000000080016a0       0x44 ./Drivers/STM32F4xx_HAL_Driver/Src/stm32f4xx_hal_flash.o
                0x00000000080016a0                HAL_FLASH_Unlock
 .text.HAL_FLASH_Lock
                0x00000000080016e4       0x20 ./Drivers/STM32F4xx_HAL_Driver/Src/stm32f4xx_hal_flash.o
                0x00000000080016e4                HAL_FLASH_Lock
 .text.FLASH_WaitForLastOperation
                0x0000000008001704       0x80 ./Drivers/STM32F4xx_HAL_Driver/Src/stm32f4xx_hal_flash.o
                0x0000000008001704                FLASH_WaitForLastOperation
 .text.FLASH_Program_DoubleWord
                0x0000000008001784       0x64 ./Drivers/STM32F4xx_HAL_Driver/Src/stm32f4xx_hal_flash.o
 .text.FLASH_Program_Word
                0x00000000080017e8       0x44 ./Drivers/STM32F4xx_HAL_Driver/Src/stm32f4xx_hal_flash.o
 .text.FLASH_Program_HalfWord
                0x000000000800182c       0x48 ./Drivers/STM32F4xx_HAL_Driver/Src/stm32f4xx_hal_flash.o
 .text.FLASH_Program_Byte
                0x0000000008001874       0x44 ./Drivers/STM32F4xx_HAL_Driver/Src/stm32f4xx_hal_flash.o
 .text.FLASH_SetErrorCode
                0x00000000080018b8       0xcc ./Drivers/STM32F4xx_HAL_Driver/Src/stm32f4xx_hal_flash.o
 .text.HAL_FLASHEx_Erase
                0x0000000008001984       0xe0 ./Drivers/STM32F4xx_HAL_Driver/Src/stm32f4xx_hal_flash_ex.o
                0x0000000008001984                HAL_FLASHEx_Erase
 .text.FLASH_MassErase
                0x0000000008001a64       0x48 ./Drivers/STM32F4xx_HAL_Driver/Src/stm32f4xx_hal_flash_ex.o
 .text.FLASH_Erase_Sector
                0x0000000008001aac       0x90 ./Drivers/STM32F4xx_HAL_Driver/Src/stm32f4xx_hal_flash_ex.o
                0x0000000008001aac                FLASH_Erase_Sector
 .text.FLASH_FlushCaches
                0x0000000008001b3c       0x8c ./Drivers/STM32F4xx_HAL_Driver/Src/stm32f4xx_hal_flash_ex.o
                0x0000000008001b3c                FLASH_FlushCaches
 .text.HAL_GPIO_Init
                0x0000000008001bc8      0x328 ./Drivers/STM32F4xx_HAL_Driver/Src/stm32f4xx_hal_gpio.o
                0x0000000008001bc8                HAL_GPIO_Init
 .text.HAL_GPIO_WritePin
                0x0000000008001ef0       0x32 ./Drivers/STM32F4xx_HAL_Driver/Src/stm32f4xx_hal_gpio.o
                0x0000000008001ef0                HAL_GPIO_WritePin
 *fill*         0x0000000008001f22        0x2 
 .text.HAL_PWR_EnableBkUpAccess
                0x0000000008001f24       0x28 ./Drivers/STM32F4xx_HAL_Driver/Src/stm32f4xx_hal_pwr.o
                0x0000000008001f24                HAL_PWR_EnableBkUpAccess
 .text.HAL_PWR_DisableBkUpAccess
                0x0000000008001f4c       0x28 ./Drivers/STM32F4xx_HAL_Driver/Src/stm32f4xx_hal_pwr.o
                0x0000000008001f4c                HAL_PWR_DisableBkUpAccess
 .text.HAL_RCC_ClockConfig
                0x0000000008001f74      0x1cc ./Drivers/STM32F4xx_HAL_Driver/Src/stm32f4xx_hal_rcc.o
                0x0000000008001f74                HAL_RCC_ClockConfig
 .text.HAL_RCCEx_PeriphCLKConfig
                0x0000000008002140      0x654 ./Drivers/STM32F4xx_HAL_Driver/Src/stm32f4xx_hal_rcc_ex.o
                0x0000000008002140                HAL_RCCEx_PeriphCLKConfig
 .text.HAL_RCC_GetSysClockFreq
                0x0000000008002794      0x354 ./Drivers/STM32F4xx_HAL_Driver/Src/stm32f4xx_hal_rcc_ex.o
                0x0000000008002794                HAL_RCC_GetSysClockFreq
 .text.HAL_RCC_OscConfig
                0x0000000008002ae8      0x53c ./Drivers/STM32F4xx_HAL_Driver/Src/stm32f4xx_hal_rcc_ex.o
                0x0000000008002ae8                HAL_RCC_OscConfig
 .text.HAL_RTC_Init
                0x0000000008003024      0x106 ./Drivers/STM32F4xx_HAL_Driver/Src/stm32f4xx_hal_rtc.o
                0x0000000008003024                HAL_RTC_Init
 *fill*         0x000000000800312a        0x2 
 .text.HAL_RTC_WaitForSynchro
                0x000000000800312c       0x4c ./Drivers/STM32F4xx_HAL_Driver/Src/stm32f4xx_hal_rtc.o
                0x000000000800312c                HAL_RTC_WaitForSynchro
 .text.RTC_EnterInitMode
                0x0000000008003178       0x6e ./Drivers/STM32F4xx_HAL_Driver/Src/stm32f4xx_hal_rtc.o
                0x0000000008003178                RTC_EnterInitMode
 .text.RTC_ExitInitMode
                0x00000000080031e6       0x4a ./Drivers/STM32F4xx_HAL_Driver/Src/stm32f4xx_hal_rtc.o
                0x00000000080031e6                RTC_ExitInitMode
 .text.HAL_RTCEx_BKUPWrite
                0x0000000008003230       0x34 ./Drivers/STM32F4xx_HAL_Driver/Src/stm32f4xx_hal_rtc_ex.o
                0x0000000008003230                HAL_RTCEx_BKUPWrite
 .text.atoi     0x0000000008003264        0x8 C:/ST/STM32CubeIDE_1.14.0/STM32CubeIDE/plugins/com.st.stm32cube.ide.mcu.externaltools.gnu-tools-for-stm32.11.3.rel1.win32_1.1.100.202309141235/tools/bin/../lib/gcc/arm-none-eabi/11.3.1/../../../../arm-none-eabi/lib/thumb/v7e-m+fp/hard\libc_nano.a(libc_a-atoi.o)
                0x0000000008003264                atoi
 .text._strtol_l.constprop.0
                0x000000000800326c      0x104 C:/ST/STM32CubeIDE_1.14.0/STM32CubeIDE/plugins/com.st.stm32cube.ide.mcu.externaltools.gnu-tools-for-stm32.11.3.rel1.win32_1.1.100.202309141235/tools/bin/../lib/gcc/arm-none-eabi/11.3.1/../../../../arm-none-eabi/lib/thumb/v7e-m+fp/hard\libc_nano.a(libc_a-strtol.o)
 .text.strtol   0x0000000008003370       0x14 C:/ST/STM32CubeIDE_1.14.0/STM32CubeIDE/plugins/com.st.stm32cube.ide.mcu.externaltools.gnu-tools-for-stm32.11.3.rel1.win32_1.1.100.202309141235/tools/bin/../lib/gcc/arm-none-eabi/11.3.1/../../../../arm-none-eabi/lib/thumb/v7e-m+fp/hard\libc_nano.a(libc_a-strtol.o)
                0x0000000008003370                strtol
 .text.memset   0x0000000008003384       0x10 C:/ST/STM32CubeIDE_1.14.0/STM32CubeIDE/plugins/com.st.stm32cube.ide.mcu.externaltools.gnu-tools-for-stm32.11.3.rel1.win32_1.1.100.202309141235/tools/bin/../lib/gcc/arm-none-eabi/11.3.1/../../../../arm-none-eabi/lib/thumb/v7e-m+fp/hard\libc_nano.a(libc_a-memset.o)
                0x0000000008003384                memset
 .text.__errno  0x0000000008003394        0xc C:/ST/STM32CubeIDE_1.14.0/STM32CubeIDE/plugins/com.st.stm32cube.ide.mcu.externaltools.gnu-tools-for-stm32.11.3.rel1.win32_1.1.100.202309141235/tools/bin/../lib/gcc/arm-none-eabi/11.3.1/../../../../arm-none-eabi/lib/thumb/v7e-m+fp/hard\libc_nano.a(libc_a-errno.o)
                0x0000000008003394                __errno
 .text.__libc_init_array
                0x00000000080033a0       0x48 C:/ST/STM32CubeIDE_1.14.0/STM32CubeIDE/plugins/com.st.stm32cube.ide.mcu.externaltools.gnu-tools-for-stm32.11.3.rel1.win32_1.1.100.202309141235/tools/bin/../lib/gcc/arm-none-eabi/11.3.1/../../../../arm-none-eabi/lib/thumb/v7e-m+fp/hard\libc_nano.a(libc_a-init.o)
                0x00000000080033a0                __libc_init_array
 *(.glue_7)
 .glue_7        0x00000000080033e8        0x0 linker stubs
 *(.glue_7t)
 .glue_7t       0x00000000080033e8        0x0 linker stubs
 *(.eh_frame)
 .eh_frame      0x00000000080033e8        0x0 C:/ST/STM32CubeIDE_1.14.0/STM32CubeIDE/plugins/com.st.stm32cube.ide.mcu.externaltools.gnu-tools-for-stm32.11.3.rel1.win32_1.1.100.202309141235/tools/bin/../lib/gcc/arm-none-eabi/11.3.1/thumb/v7e-m+fp/hard/crtbegin.o
 *(.init)
 .init          0x00000000080033e8        0x4 C:/ST/STM32CubeIDE_1.14.0/STM32CubeIDE/plugins/com.st.stm32cube.ide.mcu.externaltools.gnu-tools-for-stm32.11.3.rel1.win32_1.1.100.202309141235/tools/bin/../lib/gcc/arm-none-eabi/11.3.1/thumb/v7e-m+fp/hard/crti.o
                0x00000000080033e8                _init
 .init          0x00000000080033ec        0x8 C:/ST/STM32CubeIDE_1.14.0/STM32CubeIDE/plugins/com.st.stm32cube.ide.mcu.externaltools.gnu-tools-for-stm32.11.3.rel1.win32_1.1.100.202309141235/tools/bin/../lib/gcc/arm-none-eabi/11.3.1/thumb/v7e-m+fp/hard/crtn.o
 *(.fini)
 .fini          0x00000000080033f4        0x4 C:/ST/STM32CubeIDE_1.14.0/STM32CubeIDE/plugins/com.st.stm32cube.ide.mcu.externaltools.gnu-tools-for-stm32.11.3.rel1.win32_1.1.100.202309141235/tools/bin/../lib/gcc/arm-none-eabi/11.3.1/thumb/v7e-m+fp/hard/crti.o
                0x00000000080033f4                _fini
 .fini          0x00000000080033f8        0x8 C:/ST/STM32CubeIDE_1.14.0/STM32CubeIDE/plugins/com.st.stm32cube.ide.mcu.externaltools.gnu-tools-for-stm32.11.3.rel1.win32_1.1.100.202309141235/tools/bin/../lib/gcc/arm-none-eabi/11.3.1/thumb/v7e-m+fp/hard/crtn.o
                0x0000000008003400                . = ALIGN (0x4)
                0x0000000008003400                _etext = .

.vfp11_veneer   0x0000000008003400        0x0
 .vfp11_veneer  0x0000000008003400        0x0 linker stubs

.v4_bx          0x0000000008003400        0x0
 .v4_bx         0x0000000008003400        0x0 linker stubs

.iplt           0x0000000008003400        0x0
 .iplt          0x0000000008003400        0x0 C:/ST/STM32CubeIDE_1.14.0/STM32CubeIDE/plugins/com.st.stm32cube.ide.mcu.externaltools.gnu-tools-for-stm32.11.3.rel1.win32_1.1.100.202309141235/tools/bin/../lib/gcc/arm-none-eabi/11.3.1/thumb/v7e-m+fp/hard/crtbegin.o

.rodata         0x0000000008003400      0x118
                0x0000000008003400                . = ALIGN (0x4)
 *(.rodata)
 .rodata        0x0000000008003400        0x3 ./Core/Src/Communicative_Bootloader_Logic.o
 *(.rodata*)
 *fill*         0x0000000008003403        0x1 
 .rodata.AHBPrescTable
                0x0000000008003404       0x10 ./Core/Src/system_stm32f4xx.o
                0x0000000008003404                AHBPrescTable
 .rodata._ctype_
                0x0000000008003414      0x101 C:/ST/STM32CubeIDE_1.14.0/STM32CubeIDE/plugins/com.st.stm32cube.ide.mcu.externaltools.gnu-tools-for-stm32.11.3.rel1.win32_1.1.100.202309141235/tools/bin/../lib/gcc/arm-none-eabi/11.3.1/../../../../arm-none-eabi/lib/thumb/v7e-m+fp/hard\libc_nano.a(libc_a-ctype_.o)
                0x0000000008003414                _ctype_
                0x0000000008003518                . = ALIGN (0x4)
 *fill*         0x0000000008003515        0x3 

.ARM.extab      0x0000000008003518        0x0
                0x0000000008003518                . = ALIGN (0x4)
 *(.ARM.extab* .gnu.linkonce.armextab.*)
                0x0000000008003518                . = ALIGN (0x4)

.ARM            0x0000000008003518        0x8
                0x0000000008003518                . = ALIGN (0x4)
                0x0000000008003518                __exidx_start = .
 *(.ARM.exidx*)
 .ARM.exidx     0x0000000008003518        0x8 C:/ST/STM32CubeIDE_1.14.0/STM32CubeIDE/plugins/com.st.stm32cube.ide.mcu.externaltools.gnu-tools-for-stm32.11.3.rel1.win32_1.1.100.202309141235/tools/bin/../lib/gcc/arm-none-eabi/11.3.1/thumb/v7e-m+fp/hard\libgcc.a(_udivmoddi4.o)
                0x0000000008003520                __exidx_end = .
                0x0000000008003520                . = ALIGN (0x4)

.rel.dyn        0x0000000008003520        0x0
 .rel.iplt      0x0000000008003520        0x0 C:/ST/STM32CubeIDE_1.14.0/STM32CubeIDE/plugins/com.st.stm32cube.ide.mcu.externaltools.gnu-tools-for-stm32.11.3.rel1.win32_1.1.100.202309141235/tools/bin/../lib/gcc/arm-none-eabi/11.3.1/thumb/v7e-m+fp/hard/crtbegin.o

.preinit_array  0x0000000008003520        0x0
                0x0000000008003520                . = ALIGN (0x4)
                0x0000000008003520                PROVIDE (__preinit_array_start = .)
 *(.preinit_array*)
                0x0000000008003520                PROVIDE (__preinit_array_end = .)
                0x0000000008003520                . = ALIGN (0x4)

.init_array     0x0000000008003520        0x4
                0x0000000008003520                . = ALIGN (0x4)
                0x0000000008003520                PROVIDE (__init_array_start = .)
 *(SORT_BY_NAME(.init_array.*))
 *(.init_array*)
 .init_array    0x0000000008003520        0x4 C:/ST/STM32CubeIDE_1.14.0/STM32CubeIDE/plugins/com.st.stm32cube.ide.mcu.externaltools.gnu-tools-for-stm32.11.3.rel1.win32_1.1.100.202309141235/tools/bin/../lib/gcc/arm-none-eabi/11.3.1/thumb/v7e-m+fp/hard/crtbegin.o
                0x0000000008003524                PROVIDE (__init_array_end = .)
                0x0000000008003524                . = ALIGN (0x4)

.fini_array     0x0000000008003524        0x4
                0x0000000008003524                . = ALIGN (0x4)
                [!provide]                        PROVIDE (__fini_array_start = .)
 *(SORT_BY_NAME(.fini_array.*))
 *(.fini_array*)
 .fini_array    0x0000000008003524        0x4 C:/ST/STM32CubeIDE_1.14.0/STM32CubeIDE/plugins/com.st.stm32cube.ide.mcu.externaltools.gnu-tools-for-stm32.11.3.rel1.win32_1.1.100.202309141235/tools/bin/../lib/gcc/arm-none-eabi/11.3.1/thumb/v7e-m+fp/hard/crtbegin.o
                [!provide]                        PROVIDE (__fini_array_end = .)
                0x0000000008003528                . = ALIGN (0x4)
                0x0000000008003528                _sidata = LOADADDR (.data)

.data           0x0000000020000000       0x60 load address 0x0000000008003528
                0x0000000020000000                . = ALIGN (0x4)
                0x0000000020000000                _sdata = .
 *(.data)
 *(.data*)
 .data.Bootloader_Validation
                0x0000000020000000        0x1 ./Core/Src/Communicative_Bootloader_Logic.o
 *fill*         0x0000000020000001        0x3 
 .data.SystemCoreClock
                0x0000000020000004        0x4 ./Core/Src/system_stm32f4xx.o
                0x0000000020000004                SystemCoreClock
 .data.uwTickPrio
                0x0000000020000008        0x4 ./Drivers/STM32F4xx_HAL_Driver/Src/stm32f4xx_hal.o
                0x0000000020000008                uwTickPrio
 .data.uwTickFreq
                0x000000002000000c        0x1 ./Drivers/STM32F4xx_HAL_Driver/Src/stm32f4xx_hal.o
                0x000000002000000c                uwTickFreq
 *fill*         0x000000002000000d        0x3 
 .data._impure_data
                0x0000000020000010       0x4c C:/ST/STM32CubeIDE_1.14.0/STM32CubeIDE/plugins/com.st.stm32cube.ide.mcu.externaltools.gnu-tools-for-stm32.11.3.rel1.win32_1.1.100.202309141235/tools/bin/../lib/gcc/arm-none-eabi/11.3.1/../../../../arm-none-eabi/lib/thumb/v7e-m+fp/hard\libc_nano.a(libc_a-impure.o)
                0x0000000020000010                _impure_data
 .data._impure_ptr
                0x000000002000005c        0x4 C:/ST/STM32CubeIDE_1.14.0/STM32CubeIDE/plugins/com.st.stm32cube.ide.mcu.externaltools.gnu-tools-for-stm32.11.3.rel1.win32_1.1.100.202309141235/tools/bin/../lib/gcc/arm-none-eabi/11.3.1/../../../../arm-none-eabi/lib/thumb/v7e-m+fp/hard\libc_nano.a(libc_a-impure.o)
                0x000000002000005c                _impure_ptr
 *(.RamFunc)
 *(.RamFunc*)
                0x0000000020000060                . = ALIGN (0x4)
                0x0000000020000060                _edata = .

.igot.plt       0x0000000020000060        0x0 load address 0x0000000008003588
 .igot.plt      0x0000000020000060        0x0 C:/ST/STM32CubeIDE_1.14.0/STM32CubeIDE/plugins/com.st.stm32cube.ide.mcu.externaltools.gnu-tools-for-stm32.11.3.rel1.win32_1.1.100.202309141235/tools/bin/../lib/gcc/arm-none-eabi/11.3.1/thumb/v7e-m+fp/hard/crtbegin.o
                0x0000000020000060                . = ALIGN (0x4)

.bss            0x0000000020000060    0x18874 load address 0x0000000008003588
                0x0000000020000060                _sbss = .
                0x0000000020000060                __bss_start__ = _sbss
 *(.bss)
 .bss           0x0000000020000060       0x1c C:/ST/STM32CubeIDE_1.14.0/STM32CubeIDE/plugins/com.st.stm32cube.ide.mcu.externaltools.gnu-tools-for-stm32.11.3.rel1.win32_1.1.100.202309141235/tools/bin/../lib/gcc/arm-none-eabi/11.3.1/thumb/v7e-m+fp/hard/crtbegin.o
 *(.bss*)
 .bss.Bootloader_Updater_Rx_Buffer
                0x000000002000007c    0x186a0 ./Core/Src/Communicative_Bootloader_Logic.o
 .bss.EraseInitStruct.0
                0x000000002001871c       0x14 ./Core/Src/Communicative_Bootloader_Logic.o
 .bss.hcan1     0x0000000020018730       0x28 ./Core/Src/can.o
                0x0000000020018730                hcan1
 .bss.hrtc      0x0000000020018758       0x20 ./Core/Src/rtc.o
                0x0000000020018758                hrtc
 .bss.uwTick    0x0000000020018778        0x4 ./Drivers/STM32F4xx_HAL_Driver/Src/stm32f4xx_hal.o
                0x0000000020018778                uwTick
 .bss.pFlash    0x000000002001877c       0x20 ./Drivers/STM32F4xx_HAL_Driver/Src/stm32f4xx_hal_flash.o
                0x000000002001877c                pFlash
 .bss.__sf      0x000000002001879c      0x138 C:/ST/STM32CubeIDE_1.14.0/STM32CubeIDE/plugins/com.st.stm32cube.ide.mcu.externaltools.gnu-tools-for-stm32.11.3.rel1.win32_1.1.100.202309141235/tools/bin/../lib/gcc/arm-none-eabi/11.3.1/../../../../arm-none-eabi/lib/thumb/v7e-m+fp/hard\libc_nano.a(libc_a-findfp.o)
                0x000000002001879c                __sf
 *(COMMON)
                0x00000000200188d4                . = ALIGN (0x4)
                0x00000000200188d4                _ebss = .
                0x00000000200188d4                __bss_end__ = _ebss

._user_heap_stack
                0x00000000200188d4      0x604 load address 0x0000000008003588
                0x00000000200188d8                . = ALIGN (0x8)
 *fill*         0x00000000200188d4        0x4 
                [!provide]                        PROVIDE (end = .)
                0x00000000200188d8                PROVIDE (_end = .)
                0x0000000020018ad8                . = (. + _Min_Heap_Size)
 *fill*         0x00000000200188d8      0x200 
                0x0000000020018ed8                . = (. + _Min_Stack_Size)
 *fill*         0x0000000020018ad8      0x400 
                0x0000000020018ed8                . = ALIGN (0x8)

/DISCARD/
 libc.a(*)
 libm.a(*)
 libgcc.a(*)

.ARM.attributes
                0x0000000000000000       0x30
 *(.ARM.attributes)
 .ARM.attributes
                0x0000000000000000       0x1e C:/ST/STM32CubeIDE_1.14.0/STM32CubeIDE/plugins/com.st.stm32cube.ide.mcu.externaltools.gnu-tools-for-stm32.11.3.rel1.win32_1.1.100.202309141235/tools/bin/../lib/gcc/arm-none-eabi/11.3.1/thumb/v7e-m+fp/hard/crti.o
 .ARM.attributes
                0x000000000000001e       0x34 C:/ST/STM32CubeIDE_1.14.0/STM32CubeIDE/plugins/com.st.stm32cube.ide.mcu.externaltools.gnu-tools-for-stm32.11.3.rel1.win32_1.1.100.202309141235/tools/bin/../lib/gcc/arm-none-eabi/11.3.1/thumb/v7e-m+fp/hard/crtbegin.o
 .ARM.attributes
                0x0000000000000052       0x34 ./Core/Src/Communicative_Bootloader_Logic.o
 .ARM.attributes
                0x0000000000000086       0x34 ./Core/Src/can.o
 .ARM.attributes
                0x00000000000000ba       0x34 ./Core/Src/gpio.o
 .ARM.attributes
                0x00000000000000ee       0x34 ./Core/Src/main.o
 .ARM.attributes
                0x0000000000000122       0x34 ./Core/Src/rtc.o
 .ARM.attributes
                0x0000000000000156       0x34 ./Core/Src/stm32f4xx_hal_msp.o
 .ARM.attributes
                0x000000000000018a       0x34 ./Core/Src/stm32f4xx_it.o
 .ARM.attributes
                0x00000000000001be       0x34 ./Core/Src/system_stm32f4xx.o
 .ARM.attributes
                0x00000000000001f2       0x21 ./Core/Startup/startup_stm32f446retx.o
 .ARM.attributes
                0x0000000000000213       0x34 ./Drivers/STM32F4xx_HAL_Driver/Src/stm32f4xx_hal.o
 .ARM.attributes
                0x0000000000000247       0x34 ./Drivers/STM32F4xx_HAL_Driver/Src/stm32f4xx_hal_can.o
 .ARM.attributes
                0x000000000000027b       0x34 ./Drivers/STM32F4xx_HAL_Driver/Src/stm32f4xx_hal_cortex.o
 .ARM.attributes
                0x00000000000002af       0x34 ./Drivers/STM32F4xx_HAL_Driver/Src/stm32f4xx_hal_flash.o
 .ARM.attributes
                0x00000000000002e3       0x34 ./Drivers/STM32F4xx_HAL_Driver/Src/stm32f4xx_hal_flash_ex.o
 .ARM.attributes
                0x0000000000000317       0x34 ./Drivers/STM32F4xx_HAL_Driver/Src/stm32f4xx_hal_gpio.o
 .ARM.attributes
                0x000000000000034b       0x34 ./Drivers/STM32F4xx_HAL_Driver/Src/stm32f4xx_hal_pwr.o
 .ARM.attributes
                0x000000000000037f       0x34 ./Drivers/STM32F4xx_HAL_Driver/Src/stm32f4xx_hal_rcc.o
 .ARM.attributes
                0x00000000000003b3       0x34 ./Drivers/STM32F4xx_HAL_Driver/Src/stm32f4xx_hal_rcc_ex.o
 .ARM.attributes
                0x00000000000003e7       0x34 ./Drivers/STM32F4xx_HAL_Driver/Src/stm32f4xx_hal_rtc.o
 .ARM.attributes
                0x000000000000041b       0x34 ./Drivers/STM32F4xx_HAL_Driver/Src/stm32f4xx_hal_rtc_ex.o
 .ARM.attributes
                0x000000000000044f       0x34 C:/ST/STM32CubeIDE_1.14.0/STM32CubeIDE/plugins/com.st.stm32cube.ide.mcu.externaltools.gnu-tools-for-stm32.11.3.rel1.win32_1.1.100.202309141235/tools/bin/../lib/gcc/arm-none-eabi/11.3.1/../../../../arm-none-eabi/lib/thumb/v7e-m+fp/hard\libc_nano.a(libc_a-atoi.o)
 .ARM.attributes
                0x0000000000000483       0x34 C:/ST/STM32CubeIDE_1.14.0/STM32CubeIDE/plugins/com.st.stm32cube.ide.mcu.externaltools.gnu-tools-for-stm32.11.3.rel1.win32_1.1.100.202309141235/tools/bin/../lib/gcc/arm-none-eabi/11.3.1/../../../../arm-none-eabi/lib/thumb/v7e-m+fp/hard\libc_nano.a(libc_a-strtol.o)
 .ARM.attributes
                0x00000000000004b7       0x34 C:/ST/STM32CubeIDE_1.14.0/STM32CubeIDE/plugins/com.st.stm32cube.ide.mcu.externaltools.gnu-tools-for-stm32.11.3.rel1.win32_1.1.100.202309141235/tools/bin/../lib/gcc/arm-none-eabi/11.3.1/../../../../arm-none-eabi/lib/thumb/v7e-m+fp/hard\libc_nano.a(libc_a-ctype_.o)
 .ARM.attributes
                0x00000000000004eb       0x34 C:/ST/STM32CubeIDE_1.14.0/STM32CubeIDE/plugins/com.st.stm32cube.ide.mcu.externaltools.gnu-tools-for-stm32.11.3.rel1.win32_1.1.100.202309141235/tools/bin/../lib/gcc/arm-none-eabi/11.3.1/../../../../arm-none-eabi/lib/thumb/v7e-m+fp/hard\libc_nano.a(libc_a-findfp.o)
 .ARM.attributes
                0x000000000000051f       0x34 C:/ST/STM32CubeIDE_1.14.0/STM32CubeIDE/plugins/com.st.stm32cube.ide.mcu.externaltools.gnu-tools-for-stm32.11.3.rel1.win32_1.1.100.202309141235/tools/bin/../lib/gcc/arm-none-eabi/11.3.1/../../../../arm-none-eabi/lib/thumb/v7e-m+fp/hard\libc_nano.a(libc_a-memset.o)
 .ARM.attributes
                0x0000000000000553       0x34 C:/ST/STM32CubeIDE_1.14.0/STM32CubeIDE/plugins/com.st.stm32cube.ide.mcu.externaltools.gnu-tools-for-stm32.11.3.rel1.win32_1.1.100.202309141235/tools/bin/../lib/gcc/arm-none-eabi/11.3.1/../../../../arm-none-eabi/lib/thumb/v7e-m+fp/hard\libc_nano.a(libc_a-impure.o)
 .ARM.attributes
                0x0000000000000587       0x34 C:/ST/STM32CubeIDE_1.14.0/STM32CubeIDE/plugins/com.st.stm32cube.ide.mcu.externaltools.gnu-tools-for-stm32.11.3.rel1.win32_1.1.100.202309141235/tools/bin/../lib/gcc/arm-none-eabi/11.3.1/../../../../arm-none-eabi/lib/thumb/v7e-m+fp/hard\libc_nano.a(libc_a-errno.o)
 .ARM.attributes
                0x00000000000005bb       0x34 C:/ST/STM32CubeIDE_1.14.0/STM32CubeIDE/plugins/com.st.stm32cube.ide.mcu.externaltools.gnu-tools-for-stm32.11.3.rel1.win32_1.1.100.202309141235/tools/bin/../lib/gcc/arm-none-eabi/11.3.1/../../../../arm-none-eabi/lib/thumb/v7e-m+fp/hard\libc_nano.a(libc_a-init.o)
 .ARM.attributes
                0x00000000000005ef       0x1e C:/ST/STM32CubeIDE_1.14.0/STM32CubeIDE/plugins/com.st.stm32cube.ide.mcu.externaltools.gnu-tools-for-stm32.11.3.rel1.win32_1.1.100.202309141235/tools/bin/../lib/gcc/arm-none-eabi/11.3.1/thumb/v7e-m+fp/hard\libgcc.a(_aeabi_uldivmod.o)
 .ARM.attributes
                0x000000000000060d       0x34 C:/ST/STM32CubeIDE_1.14.0/STM32CubeIDE/plugins/com.st.stm32cube.ide.mcu.externaltools.gnu-tools-for-stm32.11.3.rel1.win32_1.1.100.202309141235/tools/bin/../lib/gcc/arm-none-eabi/11.3.1/thumb/v7e-m+fp/hard\libgcc.a(_udivmoddi4.o)
 .ARM.attributes
                0x0000000000000641       0x1e C:/ST/STM32CubeIDE_1.14.0/STM32CubeIDE/plugins/com.st.stm32cube.ide.mcu.externaltools.gnu-tools-for-stm32.11.3.rel1.win32_1.1.100.202309141235/tools/bin/../lib/gcc/arm-none-eabi/11.3.1/thumb/v7e-m+fp/hard\libgcc.a(_dvmd_tls.o)
 .ARM.attributes
                0x000000000000065f       0x1e C:/ST/STM32CubeIDE_1.14.0/STM32CubeIDE/plugins/com.st.stm32cube.ide.mcu.externaltools.gnu-tools-for-stm32.11.3.rel1.win32_1.1.100.202309141235/tools/bin/../lib/gcc/arm-none-eabi/11.3.1/thumb/v7e-m+fp/hard/crtn.o
OUTPUT(BootLoader_Updater_Communicative.elf elf32-littlearm)
LOAD linker stubs
LOAD C:/ST/STM32CubeIDE_1.14.0/STM32CubeIDE/plugins/com.st.stm32cube.ide.mcu.externaltools.gnu-tools-for-stm32.11.3.rel1.win32_1.1.100.202309141235/tools/bin/../lib/gcc/arm-none-eabi/11.3.1/../../../../arm-none-eabi/lib/thumb/v7e-m+fp/hard\libc.a
LOAD C:/ST/STM32CubeIDE_1.14.0/STM32CubeIDE/plugins/com.st.stm32cube.ide.mcu.externaltools.gnu-tools-for-stm32.11.3.rel1.win32_1.1.100.202309141235/tools/bin/../lib/gcc/arm-none-eabi/11.3.1/../../../../arm-none-eabi/lib/thumb/v7e-m+fp/hard\libm.a
LOAD C:/ST/STM32CubeIDE_1.14.0/STM32CubeIDE/plugins/com.st.stm32cube.ide.mcu.externaltools.gnu-tools-for-stm32.11.3.rel1.win32_1.1.100.202309141235/tools/bin/../lib/gcc/arm-none-eabi/11.3.1/thumb/v7e-m+fp/hard\libgcc.a

.comment        0x0000000000000000       0x43
 .comment       0x0000000000000000       0x43 C:/ST/STM32CubeIDE_1.14.0/STM32CubeIDE/plugins/com.st.stm32cube.ide.mcu.externaltools.gnu-tools-for-stm32.11.3.rel1.win32_1.1.100.202309141235/tools/bin/../lib/gcc/arm-none-eabi/11.3.1/thumb/v7e-m+fp/hard/crtbegin.o
                                         0x44 (size before relaxing)
 .comment       0x0000000000000043       0x44 ./Core/Src/Communicative_Bootloader_Logic.o
 .comment       0x0000000000000043       0x44 ./Core/Src/can.o
 .comment       0x0000000000000043       0x44 ./Core/Src/gpio.o
 .comment       0x0000000000000043       0x44 ./Core/Src/main.o
 .comment       0x0000000000000043       0x44 ./Core/Src/rtc.o
 .comment       0x0000000000000043       0x44 ./Core/Src/stm32f4xx_hal_msp.o
 .comment       0x0000000000000043       0x44 ./Core/Src/stm32f4xx_it.o
 .comment       0x0000000000000043       0x44 ./Core/Src/system_stm32f4xx.o
 .comment       0x0000000000000043       0x44 ./Drivers/STM32F4xx_HAL_Driver/Src/stm32f4xx_hal.o
 .comment       0x0000000000000043       0x44 ./Drivers/STM32F4xx_HAL_Driver/Src/stm32f4xx_hal_can.o
 .comment       0x0000000000000043       0x44 ./Drivers/STM32F4xx_HAL_Driver/Src/stm32f4xx_hal_cortex.o
 .comment       0x0000000000000043       0x44 ./Drivers/STM32F4xx_HAL_Driver/Src/stm32f4xx_hal_flash.o
 .comment       0x0000000000000043       0x44 ./Drivers/STM32F4xx_HAL_Driver/Src/stm32f4xx_hal_flash_ex.o
 .comment       0x0000000000000043       0x44 ./Drivers/STM32F4xx_HAL_Driver/Src/stm32f4xx_hal_gpio.o
 .comment       0x0000000000000043       0x44 ./Drivers/STM32F4xx_HAL_Driver/Src/stm32f4xx_hal_pwr.o
 .comment       0x0000000000000043       0x44 ./Drivers/STM32F4xx_HAL_Driver/Src/stm32f4xx_hal_rcc.o
 .comment       0x0000000000000043       0x44 ./Drivers/STM32F4xx_HAL_Driver/Src/stm32f4xx_hal_rcc_ex.o
 .comment       0x0000000000000043       0x44 ./Drivers/STM32F4xx_HAL_Driver/Src/stm32f4xx_hal_rtc.o
 .comment       0x0000000000000043       0x44 ./Drivers/STM32F4xx_HAL_Driver/Src/stm32f4xx_hal_rtc_ex.o

.debug_info     0x0000000000000000     0x9f91
 .debug_info    0x0000000000000000      0xfa7 ./Core/Src/Communicative_Bootloader_Logic.o
 .debug_info    0x0000000000000fa7      0x880 ./Core/Src/can.o
 .debug_info    0x0000000000001827      0x3e5 ./Core/Src/gpio.o
 .debug_info    0x0000000000001c0c      0x4fc ./Core/Src/main.o
 .debug_info    0x0000000000002108      0x665 ./Core/Src/rtc.o
 .debug_info    0x000000000000276d      0x299 ./Core/Src/stm32f4xx_hal_msp.o
 .debug_info    0x0000000000002a06      0x112 ./Core/Src/stm32f4xx_it.o
 .debug_info    0x0000000000002b18      0x54a ./Core/Src/system_stm32f4xx.o
 .debug_info    0x0000000000003062       0x23 ./Core/Startup/startup_stm32f446retx.o
 .debug_info    0x0000000000003085      0x99a ./Drivers/STM32F4xx_HAL_Driver/Src/stm32f4xx_hal.o
 .debug_info    0x0000000000003a1f      0xf44 ./Drivers/STM32F4xx_HAL_Driver/Src/stm32f4xx_hal_can.o
 .debug_info    0x0000000000004963      0xd75 ./Drivers/STM32F4xx_HAL_Driver/Src/stm32f4xx_hal_cortex.o
 .debug_info    0x00000000000056d8      0x57d ./Drivers/STM32F4xx_HAL_Driver/Src/stm32f4xx_hal_flash.o
 .debug_info    0x0000000000005c55      0x7db ./Drivers/STM32F4xx_HAL_Driver/Src/stm32f4xx_hal_flash_ex.o
 .debug_info    0x0000000000006430      0x70b ./Drivers/STM32F4xx_HAL_Driver/Src/stm32f4xx_hal_gpio.o
 .debug_info    0x0000000000006b3b      0x731 ./Drivers/STM32F4xx_HAL_Driver/Src/stm32f4xx_hal_pwr.o
 .debug_info    0x000000000000726c      0x8ed ./Drivers/STM32F4xx_HAL_Driver/Src/stm32f4xx_hal_rcc.o
 .debug_info    0x0000000000007b59      0x956 ./Drivers/STM32F4xx_HAL_Driver/Src/stm32f4xx_hal_rcc_ex.o
 .debug_info    0x00000000000084af      0xc20 ./Drivers/STM32F4xx_HAL_Driver/Src/stm32f4xx_hal_rtc.o
 .debug_info    0x00000000000090cf      0xec2 ./Drivers/STM32F4xx_HAL_Driver/Src/stm32f4xx_hal_rtc_ex.o

.debug_abbrev   0x0000000000000000     0x251d
 .debug_abbrev  0x0000000000000000      0x340 ./Core/Src/Communicative_Bootloader_Logic.o
 .debug_abbrev  0x0000000000000340      0x200 ./Core/Src/can.o
 .debug_abbrev  0x0000000000000540      0x147 ./Core/Src/gpio.o
 .debug_abbrev  0x0000000000000687      0x1d7 ./Core/Src/main.o
 .debug_abbrev  0x000000000000085e      0x195 ./Core/Src/rtc.o
 .debug_abbrev  0x00000000000009f3       0xd8 ./Core/Src/stm32f4xx_hal_msp.o
 .debug_abbrev  0x0000000000000acb       0x73 ./Core/Src/stm32f4xx_it.o
 .debug_abbrev  0x0000000000000b3e      0x11a ./Core/Src/system_stm32f4xx.o
 .debug_abbrev  0x0000000000000c58       0x12 ./Core/Startup/startup_stm32f446retx.o
 .debug_abbrev  0x0000000000000c6a      0x214 ./Drivers/STM32F4xx_HAL_Driver/Src/stm32f4xx_hal.o
 .debug_abbrev  0x0000000000000e7e      0x25a ./Drivers/STM32F4xx_HAL_Driver/Src/stm32f4xx_hal_can.o
 .debug_abbrev  0x00000000000010d8      0x328 ./Drivers/STM32F4xx_HAL_Driver/Src/stm32f4xx_hal_cortex.o
 .debug_abbrev  0x0000000000001400      0x28c ./Drivers/STM32F4xx_HAL_Driver/Src/stm32f4xx_hal_flash.o
 .debug_abbrev  0x000000000000168c      0x26c ./Drivers/STM32F4xx_HAL_Driver/Src/stm32f4xx_hal_flash_ex.o
 .debug_abbrev  0x00000000000018f8      0x1d4 ./Drivers/STM32F4xx_HAL_Driver/Src/stm32f4xx_hal_gpio.o
 .debug_abbrev  0x0000000000001acc      0x19c ./Drivers/STM32F4xx_HAL_Driver/Src/stm32f4xx_hal_pwr.o
 .debug_abbrev  0x0000000000001c68      0x2b6 ./Drivers/STM32F4xx_HAL_Driver/Src/stm32f4xx_hal_rcc.o
 .debug_abbrev  0x0000000000001f1e      0x20a ./Drivers/STM32F4xx_HAL_Driver/Src/stm32f4xx_hal_rcc_ex.o
 .debug_abbrev  0x0000000000002128      0x1ee ./Drivers/STM32F4xx_HAL_Driver/Src/stm32f4xx_hal_rtc.o
 .debug_abbrev  0x0000000000002316      0x207 ./Drivers/STM32F4xx_HAL_Driver/Src/stm32f4xx_hal_rtc_ex.o

.debug_aranges  0x0000000000000000      0xab0
 .debug_aranges
                0x0000000000000000       0x70 ./Core/Src/Communicative_Bootloader_Logic.o
 .debug_aranges
                0x0000000000000070       0x30 ./Core/Src/can.o
 .debug_aranges
                0x00000000000000a0       0x20 ./Core/Src/gpio.o
 .debug_aranges
                0x00000000000000c0       0x30 ./Core/Src/main.o
 .debug_aranges
                0x00000000000000f0       0x30 ./Core/Src/rtc.o
 .debug_aranges
                0x0000000000000120       0x20 ./Core/Src/stm32f4xx_hal_msp.o
 .debug_aranges
                0x0000000000000140       0x60 ./Core/Src/stm32f4xx_it.o
 .debug_aranges
                0x00000000000001a0       0x28 ./Core/Src/system_stm32f4xx.o
 .debug_aranges
                0x00000000000001c8       0x28 ./Core/Startup/startup_stm32f446retx.o
 .debug_aranges
                0x00000000000001f0       0xf0 ./Drivers/STM32F4xx_HAL_Driver/Src/stm32f4xx_hal.o
 .debug_aranges
                0x00000000000002e0      0x138 ./Drivers/STM32F4xx_HAL_Driver/Src/stm32f4xx_hal_can.o
 .debug_aranges
                0x0000000000000418      0x120 ./Drivers/STM32F4xx_HAL_Driver/Src/stm32f4xx_hal_cortex.o
 .debug_aranges
                0x0000000000000538       0xa0 ./Drivers/STM32F4xx_HAL_Driver/Src/stm32f4xx_hal_flash.o
 .debug_aranges
                0x00000000000005d8       0xc8 ./Drivers/STM32F4xx_HAL_Driver/Src/stm32f4xx_hal_flash_ex.o
 .debug_aranges
                0x00000000000006a0       0x58 ./Drivers/STM32F4xx_HAL_Driver/Src/stm32f4xx_hal_gpio.o
 .debug_aranges
                0x00000000000006f8       0xa0 ./Drivers/STM32F4xx_HAL_Driver/Src/stm32f4xx_hal_pwr.o
 .debug_aranges
                0x0000000000000798       0x88 ./Drivers/STM32F4xx_HAL_Driver/Src/stm32f4xx_hal_rcc.o
 .debug_aranges
                0x0000000000000820       0x78 ./Drivers/STM32F4xx_HAL_Driver/Src/stm32f4xx_hal_rcc_ex.o
 .debug_aranges
                0x0000000000000898       0xe8 ./Drivers/STM32F4xx_HAL_Driver/Src/stm32f4xx_hal_rtc.o
 .debug_aranges
                0x0000000000000980      0x130 ./Drivers/STM32F4xx_HAL_Driver/Src/stm32f4xx_hal_rtc_ex.o

.debug_rnglists
                0x0000000000000000      0x7e4
 .debug_rnglists
                0x0000000000000000       0x52 ./Core/Src/Communicative_Bootloader_Logic.o
 .debug_rnglists
                0x0000000000000052       0x20 ./Core/Src/can.o
 .debug_rnglists
                0x0000000000000072       0x13 ./Core/Src/gpio.o
 .debug_rnglists
                0x0000000000000085       0x20 ./Core/Src/main.o
 .debug_rnglists
                0x00000000000000a5       0x1f ./Core/Src/rtc.o
 .debug_rnglists
                0x00000000000000c4       0x13 ./Core/Src/stm32f4xx_hal_msp.o
 .debug_rnglists
                0x00000000000000d7       0x43 ./Core/Src/stm32f4xx_it.o
 .debug_rnglists
                0x000000000000011a       0x1a ./Core/Src/system_stm32f4xx.o
 .debug_rnglists
                0x0000000000000134       0x19 ./Core/Startup/startup_stm32f446retx.o
 .debug_rnglists
                0x000000000000014d       0xaf ./Drivers/STM32F4xx_HAL_Driver/Src/stm32f4xx_hal.o
 .debug_rnglists
                0x00000000000001fc       0xee ./Drivers/STM32F4xx_HAL_Driver/Src/stm32f4xx_hal_can.o
 .debug_rnglists
                0x00000000000002ea       0xd4 ./Drivers/STM32F4xx_HAL_Driver/Src/stm32f4xx_hal_cortex.o
 .debug_rnglists
                0x00000000000003be       0x78 ./Drivers/STM32F4xx_HAL_Driver/Src/stm32f4xx_hal_flash.o
 .debug_rnglists
                0x0000000000000436       0x96 ./Drivers/STM32F4xx_HAL_Driver/Src/stm32f4xx_hal_flash_ex.o
 .debug_rnglists
                0x00000000000004cc       0x3f ./Drivers/STM32F4xx_HAL_Driver/Src/stm32f4xx_hal_gpio.o
 .debug_rnglists
                0x000000000000050b       0x74 ./Drivers/STM32F4xx_HAL_Driver/Src/stm32f4xx_hal_pwr.o
 .debug_rnglists
                0x000000000000057f       0x66 ./Drivers/STM32F4xx_HAL_Driver/Src/stm32f4xx_hal_rcc.o
 .debug_rnglists
                0x00000000000005e5       0x5e ./Drivers/STM32F4xx_HAL_Driver/Src/stm32f4xx_hal_rcc_ex.o
 .debug_rnglists
                0x0000000000000643       0xb4 ./Drivers/STM32F4xx_HAL_Driver/Src/stm32f4xx_hal_rtc.o
 .debug_rnglists
                0x00000000000006f7       0xed ./Drivers/STM32F4xx_HAL_Driver/Src/stm32f4xx_hal_rtc_ex.o

.debug_macro    0x0000000000000000    0x226f0
 .debug_macro   0x0000000000000000      0x2f5 ./Core/Src/Communicative_Bootloader_Logic.o
 .debug_macro   0x00000000000002f5      0xaa8 ./Core/Src/Communicative_Bootloader_Logic.o
 .debug_macro   0x0000000000000d9d       0x46 ./Core/Src/Communicative_Bootloader_Logic.o
 .debug_macro   0x0000000000000de3      0x29b ./Core/Src/Communicative_Bootloader_Logic.o
 .debug_macro   0x000000000000107e       0x2e ./Core/Src/Communicative_Bootloader_Logic.o
 .debug_macro   0x00000000000010ac       0x28 ./Core/Src/Communicative_Bootloader_Logic.o
 .debug_macro   0x00000000000010d4       0x22 ./Core/Src/Communicative_Bootloader_Logic.o
 .debug_macro   0x00000000000010f6       0x8e ./Core/Src/Communicative_Bootloader_Logic.o
 .debug_macro   0x0000000000001184       0x51 ./Core/Src/Communicative_Bootloader_Logic.o
 .debug_macro   0x00000000000011d5      0x103 ./Core/Src/Communicative_Bootloader_Logic.o
 .debug_macro   0x00000000000012d8       0x6a ./Core/Src/Communicative_Bootloader_Logic.o
 .debug_macro   0x0000000000001342      0x1df ./Core/Src/Communicative_Bootloader_Logic.o
 .debug_macro   0x0000000000001521       0x1c ./Core/Src/Communicative_Bootloader_Logic.o
 .debug_macro   0x000000000000153d       0x22 ./Core/Src/Communicative_Bootloader_Logic.o
 .debug_macro   0x000000000000155f       0xfb ./Core/Src/Communicative_Bootloader_Logic.o
 .debug_macro   0x000000000000165a     0x1011 ./Core/Src/Communicative_Bootloader_Logic.o
 .debug_macro   0x000000000000266b      0x11f ./Core/Src/Communicative_Bootloader_Logic.o
 .debug_macro   0x000000000000278a    0x16749 ./Core/Src/Communicative_Bootloader_Logic.o
 .debug_macro   0x0000000000018ed3       0x6d ./Core/Src/Communicative_Bootloader_Logic.o
 .debug_macro   0x0000000000018f40     0x368c ./Core/Src/Communicative_Bootloader_Logic.o
 .debug_macro   0x000000000001c5cc      0x174 ./Core/Src/Communicative_Bootloader_Logic.o
 .debug_macro   0x000000000001c740       0x5c ./Core/Src/Communicative_Bootloader_Logic.o
 .debug_macro   0x000000000001c79c      0xca5 ./Core/Src/Communicative_Bootloader_Logic.o
 .debug_macro   0x000000000001d441      0x9e9 ./Core/Src/Communicative_Bootloader_Logic.o
 .debug_macro   0x000000000001de2a      0x115 ./Core/Src/Communicative_Bootloader_Logic.o
 .debug_macro   0x000000000001df3f      0x1a0 ./Core/Src/Communicative_Bootloader_Logic.o
 .debug_macro   0x000000000001e0df       0xa5 ./Core/Src/Communicative_Bootloader_Logic.o
 .debug_macro   0x000000000001e184      0x16d ./Core/Src/Communicative_Bootloader_Logic.o
 .debug_macro   0x000000000001e2f1      0x287 ./Core/Src/Communicative_Bootloader_Logic.o
 .debug_macro   0x000000000001e578       0x5f ./Core/Src/Communicative_Bootloader_Logic.o
 .debug_macro   0x000000000001e5d7      0x236 ./Core/Src/Communicative_Bootloader_Logic.o
 .debug_macro   0x000000000001e80d      0x40f ./Core/Src/Communicative_Bootloader_Logic.o
 .debug_macro   0x000000000001ec1c      0x132 ./Core/Src/Communicative_Bootloader_Logic.o
 .debug_macro   0x000000000001ed4e      0x29c ./Core/Src/Communicative_Bootloader_Logic.o
 .debug_macro   0x000000000001efea       0x2e ./Core/Src/Communicative_Bootloader_Logic.o
 .debug_macro   0x000000000001f018      0x127 ./Core/Src/Communicative_Bootloader_Logic.o
 .debug_macro   0x000000000001f13f       0xe8 ./Core/Src/Communicative_Bootloader_Logic.o
 .debug_macro   0x000000000001f227       0x89 ./Core/Src/Communicative_Bootloader_Logic.o
 .debug_macro   0x000000000001f2b0      0x30c ./Core/Src/Communicative_Bootloader_Logic.o
 .debug_macro   0x000000000001f5bc      0x44b ./Core/Src/Communicative_Bootloader_Logic.o
 .debug_macro   0x000000000001fa07       0xeb ./Core/Src/Communicative_Bootloader_Logic.o
 .debug_macro   0x000000000001faf2      0x126 ./Core/Src/Communicative_Bootloader_Logic.o
 .debug_macro   0x000000000001fc18       0x2e ./Core/Src/Communicative_Bootloader_Logic.o
 .debug_macro   0x000000000001fc46       0x2a ./Core/Src/Communicative_Bootloader_Logic.o
 .debug_macro   0x000000000001fc70       0x61 ./Core/Src/Communicative_Bootloader_Logic.o
 .debug_macro   0x000000000001fcd1       0x43 ./Core/Src/Communicative_Bootloader_Logic.o
 .debug_macro   0x000000000001fd14       0x34 ./Core/Src/Communicative_Bootloader_Logic.o
 .debug_macro   0x000000000001fd48       0x16 ./Core/Src/Communicative_Bootloader_Logic.o
 .debug_macro   0x000000000001fd5e       0x35 ./Core/Src/Communicative_Bootloader_Logic.o
 .debug_macro   0x000000000001fd93       0x16 ./Core/Src/Communicative_Bootloader_Logic.o
 .debug_macro   0x000000000001fda9       0x43 ./Core/Src/Communicative_Bootloader_Logic.o
 .debug_macro   0x000000000001fdec       0x34 ./Core/Src/Communicative_Bootloader_Logic.o
 .debug_macro   0x000000000001fe20       0x10 ./Core/Src/Communicative_Bootloader_Logic.o
 .debug_macro   0x000000000001fe30       0x58 ./Core/Src/Communicative_Bootloader_Logic.o
 .debug_macro   0x000000000001fe88       0x8e ./Core/Src/Communicative_Bootloader_Logic.o
 .debug_macro   0x000000000001ff16       0x1c ./Core/Src/Communicative_Bootloader_Logic.o
 .debug_macro   0x000000000001ff32      0x177 ./Core/Src/Communicative_Bootloader_Logic.o
 .debug_macro   0x00000000000200a9      0x369 ./Core/Src/Communicative_Bootloader_Logic.o
 .debug_macro   0x0000000000020412       0x16 ./Core/Src/Communicative_Bootloader_Logic.o
 .debug_macro   0x0000000000020428       0x29 ./Core/Src/Communicative_Bootloader_Logic.o
 .debug_macro   0x0000000000020451       0x16 ./Core/Src/Communicative_Bootloader_Logic.o
 .debug_macro   0x0000000000020467       0x20 ./Core/Src/Communicative_Bootloader_Logic.o
 .debug_macro   0x0000000000020487      0x1ec ./Core/Src/can.o
 .debug_macro   0x0000000000020673       0x28 ./Core/Src/can.o
 .debug_macro   0x000000000002069b      0x1ec ./Core/Src/gpio.o
 .debug_macro   0x0000000000020887      0x20d ./Core/Src/main.o
 .debug_macro   0x0000000000020a94      0x1ec ./Core/Src/rtc.o
 .debug_macro   0x0000000000020c80      0x1e2 ./Core/Src/stm32f4xx_hal_msp.o
 .debug_macro   0x0000000000020e62      0x1ec ./Core/Src/stm32f4xx_it.o
 .debug_macro   0x000000000002104e      0x1d3 ./Core/Src/system_stm32f4xx.o
 .debug_macro   0x0000000000021221      0x233 ./Drivers/STM32F4xx_HAL_Driver/Src/stm32f4xx_hal.o
 .debug_macro   0x0000000000021454      0x1e2 ./Drivers/STM32F4xx_HAL_Driver/Src/stm32f4xx_hal_can.o
 .debug_macro   0x0000000000021636      0x1d3 ./Drivers/STM32F4xx_HAL_Driver/Src/stm32f4xx_hal_cortex.o
 .debug_macro   0x0000000000021809      0x1d9 ./Drivers/STM32F4xx_HAL_Driver/Src/stm32f4xx_hal_flash.o
 .debug_macro   0x00000000000219e2      0x1d9 ./Drivers/STM32F4xx_HAL_Driver/Src/stm32f4xx_hal_flash_ex.o
 .debug_macro   0x0000000000021bbb      0x1d9 ./Drivers/STM32F4xx_HAL_Driver/Src/stm32f4xx_hal_gpio.o
 .debug_macro   0x0000000000021d94      0x1eb ./Drivers/STM32F4xx_HAL_Driver/Src/stm32f4xx_hal_pwr.o
 .debug_macro   0x0000000000021f7f      0x1f7 ./Drivers/STM32F4xx_HAL_Driver/Src/stm32f4xx_hal_rcc.o
 .debug_macro   0x0000000000022176      0x1d3 ./Drivers/STM32F4xx_HAL_Driver/Src/stm32f4xx_hal_rcc_ex.o
 .debug_macro   0x0000000000022349      0x1d4 ./Drivers/STM32F4xx_HAL_Driver/Src/stm32f4xx_hal_rtc.o
 .debug_macro   0x000000000002251d      0x1d3 ./Drivers/STM32F4xx_HAL_Driver/Src/stm32f4xx_hal_rtc_ex.o

.debug_line     0x0000000000000000     0xde94
 .debug_line    0x0000000000000000      0xbb0 ./Core/Src/Communicative_Bootloader_Logic.o
 .debug_line    0x0000000000000bb0      0x7bb ./Core/Src/can.o
 .debug_line    0x000000000000136b      0x75a ./Core/Src/gpio.o
 .debug_line    0x0000000000001ac5      0x7ff ./Core/Src/main.o
 .debug_line    0x00000000000022c4      0x7af ./Core/Src/rtc.o
 .debug_line    0x0000000000002a73      0x74e ./Core/Src/stm32f4xx_hal_msp.o
 .debug_line    0x00000000000031c1      0x810 ./Core/Src/stm32f4xx_it.o
 .debug_line    0x00000000000039d1      0x7cf ./Core/Src/system_stm32f4xx.o
 .debug_line    0x00000000000041a0       0x7a ./Core/Startup/startup_stm32f446retx.o
 .debug_line    0x000000000000421a      0xa35 ./Drivers/STM32F4xx_HAL_Driver/Src/stm32f4xx_hal.o
 .debug_line    0x0000000000004c4f     0x11ac ./Drivers/STM32F4xx_HAL_Driver/Src/stm32f4xx_hal_can.o
 .debug_line    0x0000000000005dfb      0xd01 ./Drivers/STM32F4xx_HAL_Driver/Src/stm32f4xx_hal_cortex.o
 .debug_line    0x0000000000006afc      0xad4 ./Drivers/STM32F4xx_HAL_Driver/Src/stm32f4xx_hal_flash.o
 .debug_line    0x00000000000075d0      0xbd9 ./Drivers/STM32F4xx_HAL_Driver/Src/stm32f4xx_hal_flash_ex.o
 .debug_line    0x00000000000081a9      0xb95 ./Drivers/STM32F4xx_HAL_Driver/Src/stm32f4xx_hal_gpio.o
 .debug_line    0x0000000000008d3e      0x94d ./Drivers/STM32F4xx_HAL_Driver/Src/stm32f4xx_hal_pwr.o
 .debug_line    0x000000000000968b      0xdb8 ./Drivers/STM32F4xx_HAL_Driver/Src/stm32f4xx_hal_rcc.o
 .debug_line    0x000000000000a443     0x1453 ./Drivers/STM32F4xx_HAL_Driver/Src/stm32f4xx_hal_rcc_ex.o
 .debug_line    0x000000000000b896     0x111f ./Drivers/STM32F4xx_HAL_Driver/Src/stm32f4xx_hal_rtc.o
 .debug_line    0x000000000000c9b5     0x14df ./Drivers/STM32F4xx_HAL_Driver/Src/stm32f4xx_hal_rtc_ex.o

.debug_str      0x0000000000000000    0xcec15
 .debug_str     0x0000000000000000    0xcbc2b ./Core/Src/Communicative_Bootloader_Logic.o
                                      0xcbf58 (size before relaxing)
 .debug_str     0x00000000000cbc2b      0x1c9 ./Core/Src/can.o
                                      0xc863b (size before relaxing)
 .debug_str     0x00000000000cbdf4       0x68 ./Core/Src/gpio.o
                                      0xc838d (size before relaxing)
 .debug_str     0x00000000000cbe5c      0x18e ./Core/Src/main.o
                                      0xc8661 (size before relaxing)
 .debug_str     0x00000000000cbfea      0x1e6 ./Core/Src/rtc.o
                                      0xc8614 (size before relaxing)
 .debug_str     0x00000000000cc1d0       0x2c ./Core/Src/stm32f4xx_hal_msp.o
                                      0xc82c2 (size before relaxing)
 .debug_str     0x00000000000cc1fc       0xc9 ./Core/Src/stm32f4xx_it.o
                                      0xc8223 (size before relaxing)
 .debug_str     0x00000000000cc2c5       0x87 ./Core/Src/system_stm32f4xx.o
                                      0xc82fc (size before relaxing)
 .debug_str     0x00000000000cc34c       0x34 ./Core/Startup/startup_stm32f446retx.o
                                         0x88 (size before relaxing)
 .debug_str     0x00000000000cc380      0xb38 ./Drivers/STM32F4xx_HAL_Driver/Src/stm32f4xx_hal.o
                                      0xc8ec1 (size before relaxing)
 .debug_str     0x00000000000cceb8      0x512 ./Drivers/STM32F4xx_HAL_Driver/Src/stm32f4xx_hal_can.o
                                      0xc89d1 (size before relaxing)
 .debug_str     0x00000000000cd3ca      0x367 ./Drivers/STM32F4xx_HAL_Driver/Src/stm32f4xx_hal_cortex.o
                                      0xc8be6 (size before relaxing)
 .debug_str     0x00000000000cd731      0x294 ./Drivers/STM32F4xx_HAL_Driver/Src/stm32f4xx_hal_flash.o
                                      0xc84c7 (size before relaxing)
 .debug_str     0x00000000000cd9c5      0x2ae ./Drivers/STM32F4xx_HAL_Driver/Src/stm32f4xx_hal_flash_ex.o
                                      0xc85ea (size before relaxing)
 .debug_str     0x00000000000cdc73      0x121 ./Drivers/STM32F4xx_HAL_Driver/Src/stm32f4xx_hal_gpio.o
                                      0xc8477 (size before relaxing)
 .debug_str     0x00000000000cdd94      0x235 ./Drivers/STM32F4xx_HAL_Driver/Src/stm32f4xx_hal_pwr.o
                                      0xc8532 (size before relaxing)
 .debug_str     0x00000000000cdfc9      0x228 ./Drivers/STM32F4xx_HAL_Driver/Src/stm32f4xx_hal_rcc.o
                                      0xc8735 (size before relaxing)
 .debug_str     0x00000000000ce1f1      0x19d ./Drivers/STM32F4xx_HAL_Driver/Src/stm32f4xx_hal_rcc_ex.o
                                      0xc8768 (size before relaxing)
 .debug_str     0x00000000000ce38e      0x33e ./Drivers/STM32F4xx_HAL_Driver/Src/stm32f4xx_hal_rtc.o
                                      0xc8746 (size before relaxing)
 .debug_str     0x00000000000ce6cc      0x549 ./Drivers/STM32F4xx_HAL_Driver/Src/stm32f4xx_hal_rtc_ex.o
                                      0xc8a1d (size before relaxing)

.debug_frame    0x0000000000000000     0x2b84
 .debug_frame   0x0000000000000000      0x188 ./Core/Src/Communicative_Bootloader_Logic.o
 .debug_frame   0x0000000000000188       0x74 ./Core/Src/can.o
 .debug_frame   0x00000000000001fc       0x34 ./Core/Src/gpio.o
 .debug_frame   0x0000000000000230       0x68 ./Core/Src/main.o
 .debug_frame   0x0000000000000298       0x78 ./Core/Src/rtc.o
 .debug_frame   0x0000000000000310       0x38 ./Core/Src/stm32f4xx_hal_msp.o
 .debug_frame   0x0000000000000348      0x104 ./Core/Src/stm32f4xx_it.o
 .debug_frame   0x000000000000044c       0x58 ./Core/Src/system_stm32f4xx.o
 .debug_frame   0x00000000000004a4      0x374 ./Drivers/STM32F4xx_HAL_Driver/Src/stm32f4xx_hal.o
 .debug_frame   0x0000000000000818      0x5a0 ./Drivers/STM32F4xx_HAL_Driver/Src/stm32f4xx_hal_can.o
 .debug_frame   0x0000000000000db8      0x4b8 ./Drivers/STM32F4xx_HAL_Driver/Src/stm32f4xx_hal_cortex.o
 .debug_frame   0x0000000000001270      0x274 ./Drivers/STM32F4xx_HAL_Driver/Src/stm32f4xx_hal_flash.o
 .debug_frame   0x00000000000014e4      0x334 ./Drivers/STM32F4xx_HAL_Driver/Src/stm32f4xx_hal_flash_ex.o
 .debug_frame   0x0000000000001818      0x14c ./Drivers/STM32F4xx_HAL_Driver/Src/stm32f4xx_hal_gpio.o
 .debug_frame   0x0000000000001964      0x264 ./Drivers/STM32F4xx_HAL_Driver/Src/stm32f4xx_hal_pwr.o
 .debug_frame   0x0000000000001bc8      0x1f4 ./Drivers/STM32F4xx_HAL_Driver/Src/stm32f4xx_hal_rcc.o
 .debug_frame   0x0000000000001dbc      0x1e8 ./Drivers/STM32F4xx_HAL_Driver/Src/stm32f4xx_hal_rcc_ex.o
 .debug_frame   0x0000000000001fa4      0x3f4 ./Drivers/STM32F4xx_HAL_Driver/Src/stm32f4xx_hal_rtc.o
 .debug_frame   0x0000000000002398      0x548 ./Drivers/STM32F4xx_HAL_Driver/Src/stm32f4xx_hal_rtc_ex.o
 .debug_frame   0x00000000000028e0       0x30 C:/ST/STM32CubeIDE_1.14.0/STM32CubeIDE/plugins/com.st.stm32cube.ide.mcu.externaltools.gnu-tools-for-stm32.11.3.rel1.win32_1.1.100.202309141235/tools/bin/../lib/gcc/arm-none-eabi/11.3.1/../../../../arm-none-eabi/lib/thumb/v7e-m+fp/hard\libc_nano.a(libc_a-atoi.o)
 .debug_frame   0x0000000000002910       0x64 C:/ST/STM32CubeIDE_1.14.0/STM32CubeIDE/plugins/com.st.stm32cube.ide.mcu.externaltools.gnu-tools-for-stm32.11.3.rel1.win32_1.1.100.202309141235/tools/bin/../lib/gcc/arm-none-eabi/11.3.1/../../../../arm-none-eabi/lib/thumb/v7e-m+fp/hard\libc_nano.a(libc_a-strtol.o)
 .debug_frame   0x0000000000002974      0x144 C:/ST/STM32CubeIDE_1.14.0/STM32CubeIDE/plugins/com.st.stm32cube.ide.mcu.externaltools.gnu-tools-for-stm32.11.3.rel1.win32_1.1.100.202309141235/tools/bin/../lib/gcc/arm-none-eabi/11.3.1/../../../../arm-none-eabi/lib/thumb/v7e-m+fp/hard\libc_nano.a(libc_a-findfp.o)
 .debug_frame   0x0000000000002ab8       0x20 C:/ST/STM32CubeIDE_1.14.0/STM32CubeIDE/plugins/com.st.stm32cube.ide.mcu.externaltools.gnu-tools-for-stm32.11.3.rel1.win32_1.1.100.202309141235/tools/bin/../lib/gcc/arm-none-eabi/11.3.1/../../../../arm-none-eabi/lib/thumb/v7e-m+fp/hard\libc_nano.a(libc_a-memset.o)
 .debug_frame   0x0000000000002ad8       0x20 C:/ST/STM32CubeIDE_1.14.0/STM32CubeIDE/plugins/com.st.stm32cube.ide.mcu.externaltools.gnu-tools-for-stm32.11.3.rel1.win32_1.1.100.202309141235/tools/bin/../lib/gcc/arm-none-eabi/11.3.1/../../../../arm-none-eabi/lib/thumb/v7e-m+fp/hard\libc_nano.a(libc_a-errno.o)
 .debug_frame   0x0000000000002af8       0x2c C:/ST/STM32CubeIDE_1.14.0/STM32CubeIDE/plugins/com.st.stm32cube.ide.mcu.externaltools.gnu-tools-for-stm32.11.3.rel1.win32_1.1.100.202309141235/tools/bin/../lib/gcc/arm-none-eabi/11.3.1/../../../../arm-none-eabi/lib/thumb/v7e-m+fp/hard\libc_nano.a(libc_a-init.o)
 .debug_frame   0x0000000000002b24       0x2c C:/ST/STM32CubeIDE_1.14.0/STM32CubeIDE/plugins/com.st.stm32cube.ide.mcu.externaltools.gnu-tools-for-stm32.11.3.rel1.win32_1.1.100.202309141235/tools/bin/../lib/gcc/arm-none-eabi/11.3.1/thumb/v7e-m+fp/hard\libgcc.a(_aeabi_uldivmod.o)
 .debug_frame   0x0000000000002b50       0x34 C:/ST/STM32CubeIDE_1.14.0/STM32CubeIDE/plugins/com.st.stm32cube.ide.mcu.externaltools.gnu-tools-for-stm32.11.3.rel1.win32_1.1.100.202309141235/tools/bin/../lib/gcc/arm-none-eabi/11.3.1/thumb/v7e-m+fp/hard\libgcc.a(_udivmoddi4.o)

.debug_line_str
                0x0000000000000000       0x7c
 .debug_line_str
                0x0000000000000000       0x7c ./Core/Startup/startup_stm32f446retx.o
                                         0x94 (size before relaxing)
