Archive member included to satisfy reference by file (symbol)

C:/ST/STM32CubeIDE_1.14.0/STM32CubeIDE/plugins/com.st.stm32cube.ide.mcu.externaltools.gnu-tools-for-stm32.11.3.rel1.win32_1.1.100.202309141235/tools/bin/../lib/gcc/arm-none-eabi/11.3.1/../../../../arm-none-eabi/lib/thumb/v7e-m+fp/hard\libc_nano.a(libc_a-exit.o)
                              C:/ST/STM32CubeIDE_1.14.0/STM32CubeIDE/plugins/com.st.stm32cube.ide.mcu.externaltools.gnu-tools-for-stm32.11.3.rel1.win32_1.1.100.202309141235/tools/bin/../lib/gcc/arm-none-eabi/11.3.1/../../../../arm-none-eabi/lib/thumb/v7e-m+fp/hard/crt0.o (exit)
C:/ST/STM32CubeIDE_1.14.0/STM32CubeIDE/plugins/com.st.stm32cube.ide.mcu.externaltools.gnu-tools-for-stm32.11.3.rel1.win32_1.1.100.202309141235/tools/bin/../lib/gcc/arm-none-eabi/11.3.1/../../../../arm-none-eabi/lib/thumb/v7e-m+fp/hard\libc_nano.a(libc_a-findfp.o)
                              C:/ST/STM32CubeIDE_1.14.0/STM32CubeIDE/plugins/com.st.stm32cube.ide.mcu.externaltools.gnu-tools-for-stm32.11.3.rel1.win32_1.1.100.202309141235/tools/bin/../lib/gcc/arm-none-eabi/11.3.1/../../../../arm-none-eabi/lib/thumb/v7e-m+fp/hard\libc_nano.a(libc_a-exit.o) (__stdio_exit_handler)
C:/ST/STM32CubeIDE_1.14.0/STM32CubeIDE/plugins/com.st.stm32cube.ide.mcu.externaltools.gnu-tools-for-stm32.11.3.rel1.win32_1.1.100.202309141235/tools/bin/../lib/gcc/arm-none-eabi/11.3.1/../../../../arm-none-eabi/lib/thumb/v7e-m+fp/hard\libc_nano.a(libc_a-fwalk.o)
                              C:/ST/STM32CubeIDE_1.14.0/STM32CubeIDE/plugins/com.st.stm32cube.ide.mcu.externaltools.gnu-tools-for-stm32.11.3.rel1.win32_1.1.100.202309141235/tools/bin/../lib/gcc/arm-none-eabi/11.3.1/../../../../arm-none-eabi/lib/thumb/v7e-m+fp/hard\libc_nano.a(libc_a-findfp.o) (_fwalk_sglue)
C:/ST/STM32CubeIDE_1.14.0/STM32CubeIDE/plugins/com.st.stm32cube.ide.mcu.externaltools.gnu-tools-for-stm32.11.3.rel1.win32_1.1.100.202309141235/tools/bin/../lib/gcc/arm-none-eabi/11.3.1/../../../../arm-none-eabi/lib/thumb/v7e-m+fp/hard\libc_nano.a(libc_a-stdio.o)
                              C:/ST/STM32CubeIDE_1.14.0/STM32CubeIDE/plugins/com.st.stm32cube.ide.mcu.externaltools.gnu-tools-for-stm32.11.3.rel1.win32_1.1.100.202309141235/tools/bin/../lib/gcc/arm-none-eabi/11.3.1/../../../../arm-none-eabi/lib/thumb/v7e-m+fp/hard\libc_nano.a(libc_a-findfp.o) (__sread)
C:/ST/STM32CubeIDE_1.14.0/STM32CubeIDE/plugins/com.st.stm32cube.ide.mcu.externaltools.gnu-tools-for-stm32.11.3.rel1.win32_1.1.100.202309141235/tools/bin/../lib/gcc/arm-none-eabi/11.3.1/../../../../arm-none-eabi/lib/thumb/v7e-m+fp/hard\libc_nano.a(libc_a-memset.o)
                              C:/ST/STM32CubeIDE_1.14.0/STM32CubeIDE/plugins/com.st.stm32cube.ide.mcu.externaltools.gnu-tools-for-stm32.11.3.rel1.win32_1.1.100.202309141235/tools/bin/../lib/gcc/arm-none-eabi/11.3.1/../../../../arm-none-eabi/lib/thumb/v7e-m+fp/hard/crt0.o (memset)
C:/ST/STM32CubeIDE_1.14.0/STM32CubeIDE/plugins/com.st.stm32cube.ide.mcu.externaltools.gnu-tools-for-stm32.11.3.rel1.win32_1.1.100.202309141235/tools/bin/../lib/gcc/arm-none-eabi/11.3.1/../../../../arm-none-eabi/lib/thumb/v7e-m+fp/hard\libc_nano.a(libc_a-closer.o)
                              C:/ST/STM32CubeIDE_1.14.0/STM32CubeIDE/plugins/com.st.stm32cube.ide.mcu.externaltools.gnu-tools-for-stm32.11.3.rel1.win32_1.1.100.202309141235/tools/bin/../lib/gcc/arm-none-eabi/11.3.1/../../../../arm-none-eabi/lib/thumb/v7e-m+fp/hard\libc_nano.a(libc_a-stdio.o) (_close_r)
C:/ST/STM32CubeIDE_1.14.0/STM32CubeIDE/plugins/com.st.stm32cube.ide.mcu.externaltools.gnu-tools-for-stm32.11.3.rel1.win32_1.1.100.202309141235/tools/bin/../lib/gcc/arm-none-eabi/11.3.1/../../../../arm-none-eabi/lib/thumb/v7e-m+fp/hard\libc_nano.a(libc_a-reent.o)
                              C:/ST/STM32CubeIDE_1.14.0/STM32CubeIDE/plugins/com.st.stm32cube.ide.mcu.externaltools.gnu-tools-for-stm32.11.3.rel1.win32_1.1.100.202309141235/tools/bin/../lib/gcc/arm-none-eabi/11.3.1/../../../../arm-none-eabi/lib/thumb/v7e-m+fp/hard\libc_nano.a(libc_a-closer.o) (errno)
C:/ST/STM32CubeIDE_1.14.0/STM32CubeIDE/plugins/com.st.stm32cube.ide.mcu.externaltools.gnu-tools-for-stm32.11.3.rel1.win32_1.1.100.202309141235/tools/bin/../lib/gcc/arm-none-eabi/11.3.1/../../../../arm-none-eabi/lib/thumb/v7e-m+fp/hard\libc_nano.a(libc_a-impure.o)
                              C:/ST/STM32CubeIDE_1.14.0/STM32CubeIDE/plugins/com.st.stm32cube.ide.mcu.externaltools.gnu-tools-for-stm32.11.3.rel1.win32_1.1.100.202309141235/tools/bin/../lib/gcc/arm-none-eabi/11.3.1/../../../../arm-none-eabi/lib/thumb/v7e-m+fp/hard\libc_nano.a(libc_a-reent.o) (_impure_ptr)
C:/ST/STM32CubeIDE_1.14.0/STM32CubeIDE/plugins/com.st.stm32cube.ide.mcu.externaltools.gnu-tools-for-stm32.11.3.rel1.win32_1.1.100.202309141235/tools/bin/../lib/gcc/arm-none-eabi/11.3.1/../../../../arm-none-eabi/lib/thumb/v7e-m+fp/hard\libc_nano.a(libc_a-lseekr.o)
[...]
Memory Configuration

Name             Origin             Length             Attributes
RAM              0x0000000020000000 0x0000000000020000 xrw
FLASH            0x000000000800c000 0x0000000000060000 xr
*default*        0x0000000000000000 0xffffffffffffffff

Linker script and memory map

LOAD C:/ST/STM32CubeIDE_1.14.0/STM32CubeIDE/plugins/com.st.stm32cube.ide.mcu.externaltools.gnu-tools-for-stm32.11.3.rel1.win32_1.1.100.202309141235/tools/bin/../lib/gcc/arm-none-eabi/11.3.1/thumb/v7e-m+fp/hard/crti.o
LOAD C:/ST/STM32CubeIDE_1.14.0/STM32CubeIDE/plugins/com.st.stm32cube.ide.mcu.externaltools.gnu-tools-for-stm32.11.3.rel1.win32_1.1.100.202309141235/tools/bin/../lib/gcc/arm-none-eabi/11.3.1/thumb/v7e-m+fp/hard/crtbegin.o
LOAD C:/ST/STM32CubeIDE_1.14.0/STM32CubeIDE/plugins/com.st.stm32cube.ide.mcu.externaltools.gnu-tools-for-stm32.11.3.rel1.win32_1.1.100.202309141235/tools/bin/../lib/gcc/arm-none-eabi/11.3.1/../../../../arm-none-eabi/lib/thumb/v7e-m+fp/hard/crt0.o
LOAD ./Core/Src/Silent_Bootloader_Logic.o
LOAD ./Core/Src/gpio.o
LOAD ./Core/Src/main.o
LOAD ./Core/Src/rtc.o
LOAD ./Core/Src/stm32f4xx_hal_msp.o
LOAD ./Core/Src/stm32f4xx_it.o
LOAD ./Core/Src/syscalls.o
LOAD ./Core/Src/sysmem.o
LOAD ./Core/Src/system_stm32f4xx.o
LOAD ./Core/Startup/startup_stm32f446retx.o
LOAD ./Drivers/STM32F4xx_HAL_Driver/Src/stm32f4xx_hal.o
LOAD ./Drivers/STM32F4xx_HAL_Driver/Src/stm32f4xx_hal_cortex.o
LOAD ./Drivers/STM32F4xx_HAL_Driver/Src/stm32f4xx_hal_dma.o
LOAD ./Drivers/STM32F4xx_HAL_Driver/Src/stm32f4xx_hal_dma_ex.o
LOAD ./Drivers/STM32F4xx_HAL_Driver/Src/stm32f4xx_hal_exti.o
LOAD ./Drivers/STM32F4xx_HAL_Driver/Src/stm32f4xx_hal_flash.o
LOAD ./Drivers/STM32F4xx_HAL_Driver/Src/stm32f4xx_hal_flash_ex.o
LOAD ./Drivers/STM32F4xx_HAL_Driver/Src/stm32f4xx_hal_flash_ramfunc.o
LOAD ./Drivers/STM32F4xx_HAL_Driver/Src/stm32f4xx_hal_gpio.o
LOAD ./Drivers/STM32F4xx_HAL_Driver/Src/stm32f4xx_hal_pwr.o
LOAD ./Drivers/STM32F4xx_HAL_Driver/Src/stm32f4xx_hal_pwr_ex.o
LOAD ./Drivers/STM32F4xx_HAL_Driver/Src/stm32f4xx_hal_rcc.o
LOAD ./Drivers/STM32F4xx_HAL_Driver/Src/stm32f4xx_hal_rcc_ex.o
LOAD ./Drivers/STM32F4xx_HAL_Driver/Src/stm32f4xx_hal_rtc.o
LOAD ./Drivers/STM32F4xx_HAL_Driver/Src/stm32f4xx_hal_rtc_ex.o
LOAD ./Drivers/STM32F4xx_HAL_Driver/Src/stm32f4xx_hal_tim.o
LOAD ./Drivers/STM32F4xx_HAL_Driver/Src/stm32f4xx_hal_tim_ex.o
START GROUP
LOAD C:/ST/STM32CubeIDE_1.14.0/STM32CubeIDE/plugins/com.st.stm32cube.ide.mcu.externaltools.gnu-tools-for-stm32.11.3.rel1.win32_1.1.100.202309141235/tools/bin/../lib/gcc/arm-none-eabi/11.3.1/../../../../arm-none-eabi/lib/thumb/v7e-m+fp/hard\libc_nano.a
LOAD C:/ST/STM32CubeIDE_1.14.0/STM32CubeIDE/plugins/com.st.stm32cube.ide.mcu.externaltools.gnu-tools-for-stm32.11.3.rel1.win32_1.1.100.202309141235/tools/bin/../lib/gcc/arm-none-eabi/11.3.1/../../../../arm-none-eabi/lib/thumb/v7e-m+fp/hard\libm.a
END GROUP
START GROUP
LOAD C:/ST/STM32CubeIDE_1.14.0/STM32CubeIDE/plugins/com.st.stm32cube.ide.mcu.externaltools.gnu-tools-for-stm32.11.3.rel1.win32_1.1.100.202309141235/tools/bin/../lib/gcc/arm-none-eabi/11.3.1/thumb/v7e-m+fp/hard\libgcc.a
LOAD C:/ST/STM32CubeIDE_1.14.0/STM32CubeIDE/plugins/com.st.stm32cube.ide.mcu.externaltools.gnu-tools-for-stm32.11.3.rel1.win32_1.1.100.202309141235/tools/bin/../lib/gcc/arm-none-eabi/11.3.1/../../../../arm-none-eabi/lib/thumb/v7e-m+fp/hard\libc_nano.a
END GROUP
START GROUP
LOAD C:/ST/STM32CubeIDE_1.14.0/STM32CubeIDE/plugins/com.st.stm32cube.ide.mcu.externaltools.gnu-tools-for-stm32.11.3.rel1.win32_1.1.100.202309141235/tools/bin/../lib/gcc/arm-none-eabi/11.3.1/thumb/v7e-m+fp/hard\libgcc.a
LOAD C:/ST/STM32CubeIDE_1.14.0/STM32CubeIDE/plugins/com.st.stm32cube.ide.mcu.externaltools.gnu-tools-for-stm32.11.3.rel1.win32_1.1.100.202309141235/tools/bin/../lib/gcc/arm-none-eabi/11.3.1/../../../../arm-none-eabi/lib/thumb/v7e-m+fp/hard\libc_nano.a
LOAD C:/ST/STM32CubeIDE_1.14.0/STM32CubeIDE/plugins/com.st.stm32cube.ide.mcu.externaltools.gnu-tools-for-stm32.11.3.rel1.win32_1.1.100.202309141235/tools/bin/../lib/gcc/arm-none-eabi/11.3.1/../../../../arm-none-eabi/lib/thumb/v7e-m+fp/hard\libnosys.a
END GROUP
START GROUP
LOAD C:/ST/STM32CubeIDE_1.14.0/STM32CubeIDE/plugins/com.st.stm32cube.ide.mcu.externaltools.gnu-tools-for-stm32.11.3.rel1.win32_1.1.100.202309141235/tools/bin/../lib/gcc/arm-none-eabi/11.3.1/thumb/v7e-m+fp/hard\libgcc.a
LOAD C:/ST/STM32CubeIDE_1.14.0/STM32CubeIDE/plugins/com.st.stm32cube.ide.mcu.externaltools.gnu-tools-for-stm32.11.3.rel1.win32_1.1.100.202309141235/tools/bin/../lib/gcc/arm-none-eabi/11.3.1/../../../../arm-none-eabi/lib/thumb/v7e-m+fp/hard\libc_nano.a
LOAD C:/ST/STM32CubeIDE_1.14.0/STM32CubeIDE/plugins/com.st.stm32cube.ide.mcu.externaltools.gnu-tools-for-stm32.11.3.rel1.win32_1.1.100.202309141235/tools/bin/../lib/gcc/arm-none-eabi/11.3.1/../../../../arm-none-eabi/lib/thumb/v7e-m+fp/hard\libnosys.a
END GROUP
LOAD C:/ST/STM32CubeIDE_1.14.0/STM32CubeIDE/plugins/com.st.stm32cube.ide.mcu.externaltools.gnu-tools-for-stm32.11.3.rel1.win32_1.1.100.202309141235/tools/bin/../lib/gcc/arm-none-eabi/11.3.1/thumb/v7e-m+fp/hard/crtend.o
LOAD C:/ST/STM32CubeIDE_1.14.0/STM32CubeIDE/plugins/com.st.stm32cube.ide.mcu.externaltools.gnu-tools-for-stm32.11.3.rel1.win32_1.1.100.202309141235/tools/bin/../lib/gcc/arm-none-eabi/11.3.1/thumb/v7e-m+fp/hard/crtn.o
                0x0000000020020000                _estack = (ORIGIN (RAM) + LENGTH (RAM))
                0x0000000000000200                _Min_Heap_Size = 0x200
                0x0000000000000400                _Min_Stack_Size = 0x400

.isr_vector     0x000000000800c000      0x1c4
                0x000000000800c000                . = ALIGN (0x4)
 *(.isr_vector)
 .isr_vector    0x000000000800c000      0x1c4 ./Core/Startup/startup_stm32f446retx.o
                0x000000000800c000                g_pfnVectors
                0x000000000800c1c4                . = ALIGN (0x4)

.text           0x000000000800c1c4     0x28b0
                0x000000000800c1c4                . = ALIGN (0x4)
 *(.text)
 .text          0x000000000800c1c4       0x40 C:/ST/STM32CubeIDE_1.14.0/STM32CubeIDE/plugins/com.st.stm32cube.ide.mcu.externaltools.gnu-tools-for-stm32.11.3.rel1.win32_1.1.100.202309141235/tools/bin/../lib/gcc/arm-none-eabi/11.3.1/thumb/v7e-m+fp/hard/crtbegin.o
 .text          0x000000000800c204       0x30 C:/ST/STM32CubeIDE_1.14.0/STM32CubeIDE/plugins/com.st.stm32cube.ide.mcu.externaltools.gnu-tools-for-stm32.11.3.rel1.win32_1.1.100.202309141235/tools/bin/../lib/gcc/arm-none-eabi/11.3.1/thumb/v7e-m+fp/hard\libgcc.a(_aeabi_uldivmod.o)
                0x000000000800c204                __aeabi_uldivmod
 .text          0x000000000800c234      0x2c8 C:/ST/STM32CubeIDE_1.14.0/STM32CubeIDE/plugins/com.st.stm32cube.ide.mcu.externaltools.gnu-tools-for-stm32.11.3.rel1.win32_1.1.100.202309141235/tools/bin/../lib/gcc/arm-none-eabi/11.3.1/thumb/v7e-m+fp/hard\libgcc.a(_udivmoddi4.o)
                0x000000000800c234                __udivmoddi4
 .text          0x000000000800c4fc        0x4 C:/ST/STM32CubeIDE_1.14.0/STM32CubeIDE/plugins/com.st.stm32cube.ide.mcu.externaltools.gnu-tools-for-stm32.11.3.rel1.win32_1.1.100.202309141235/tools/bin/../lib/gcc/arm-none-eabi/11.3.1/thumb/v7e-m+fp/hard\libgcc.a(_dvmd_tls.o)
                0x000000000800c4fc                __aeabi_idiv0
                0x000000000800c4fc                __aeabi_ldiv0
 *(.text*)
 .text.__NVIC_SystemReset
                0x000000000800c500       0x2c ./Core/Src/Silent_Bootloader_Logic.o
 .text.GetSector
                0x000000000800c52c       0xf4 ./Core/Src/Silent_Bootloader_Logic.o
 .text.Flash_Memory_Erase
                0x000000000800c620       0x6c ./Core/Src/Silent_Bootloader_Logic.o
 .text.Flash_Memory_Write
                0x000000000800c68c       0xbc ./Core/Src/Silent_Bootloader_Logic.o
 .text.Write_RTC_backup_reg
                0x000000000800c748       0x28 ./Core/Src/Silent_Bootloader_Logic.o
 .text.Leaving_Handler
                0x000000000800c770       0x18 ./Core/Src/Silent_Bootloader_Logic.o
 .text.Update_Logic
                0x000000000800c788       0x30 ./Core/Src/Silent_Bootloader_Logic.o
                0x000000000800c788                Update_Logic
 .text.MX_GPIO_Init
                0x000000000800c7b8       0x68 ./Core/Src/gpio.o
                0x000000000800c7b8                MX_GPIO_Init
 .text.main     0x000000000800c820       0x1a ./Core/Src/main.o
                0x000000000800c820                main
 *fill*         0x000000000800c83a        0x2 
 .text.SystemClock_Config
                0x000000000800c83c       0xc8 ./Core/Src/main.o
                0x000000000800c83c                SystemClock_Config
 .text.Error_Handler
                0x000000000800c904        0xa ./Core/Src/main.o
                0x000000000800c904                Error_Handler
 *fill*         0x000000000800c90e        0x2 
 .text.MX_RTC_Init
                0x000000000800c910       0x4c ./Core/Src/rtc.o
                0x000000000800c910                MX_RTC_Init
 .text.HAL_RTC_MspInit
                0x000000000800c95c       0x54 ./Core/Src/rtc.o
                0x000000000800c95c                HAL_RTC_MspInit
 .text.HAL_MspInit
                0x000000000800c9b0       0x50 ./Core/Src/stm32f4xx_hal_msp.o
                0x000000000800c9b0                HAL_MspInit
 .text.NMI_Handler
                0x000000000800ca00        0x6 ./Core/Src/stm32f4xx_it.o
                0x000000000800ca00                NMI_Handler
 .text.HardFault_Handler
                0x000000000800ca06        0x6 ./Core/Src/stm32f4xx_it.o
                0x000000000800ca06                HardFault_Handler
 .text.MemManage_Handler
                0x000000000800ca0c        0x6 ./Core/Src/stm32f4xx_it.o
                0x000000000800ca0c                MemManage_Handler
 .text.BusFault_Handler
                0x000000000800ca12        0x6 ./Core/Src/stm32f4xx_it.o
                0x000000000800ca12                BusFault_Handler
 .text.UsageFault_Handler
                0x000000000800ca18        0x6 ./Core/Src/stm32f4xx_it.o
                0x000000000800ca18                UsageFault_Handler
 .text.SVC_Handler
                0x000000000800ca1e        0xe ./Core/Src/stm32f4xx_it.o
                0x000000000800ca1e                SVC_Handler
 .text.DebugMon_Handler
                0x000000000800ca2c        0xe ./Core/Src/stm32f4xx_it.o
                0x000000000800ca2c                DebugMon_Handler
 .text.PendSV_Handler
                0x000000000800ca3a        0xe ./Core/Src/stm32f4xx_it.o
                0x000000000800ca3a                PendSV_Handler
 .text.SysTick_Handler
                0x000000000800ca48        0xc ./Core/Src/stm32f4xx_it.o
                0x000000000800ca48                SysTick_Handler
 .text.SystemInit
                0x000000000800ca54       0x24 ./Core/Src/system_stm32f4xx.o
                0x000000000800ca54                SystemInit
 .text.Reset_Handler
                0x000000000800ca78       0x50 ./Core/Startup/startup_stm32f446retx.o
                0x000000000800ca78                Reset_Handler
 .text.Default_Handler
                0x000000000800cac8        0x2 ./Core/Startup/startup_stm32f446retx.o
                0x000000000800cac8                RTC_Alarm_IRQHandler
                0x000000000800cac8                EXTI2_IRQHandler
                0x000000000800cac8                TIM8_CC_IRQHandler
                0x000000000800cac8                FMPI2C1_EV_IRQHandler
                0x000000000800cac8                SPI4_IRQHandler
                0x000000000800cac8                TIM1_CC_IRQHandler
                0x000000000800cac8                DMA2_Stream5_IRQHandler
                0x000000000800cac8                DMA1_Stream5_IRQHandler
                0x000000000800cac8                PVD_IRQHandler
                0x000000000800cac8                SDIO_IRQHandler
                0x000000000800cac8                TAMP_STAMP_IRQHandler
                0x000000000800cac8                CAN2_RX1_IRQHandler
                0x000000000800cac8                EXTI3_IRQHandler
                0x000000000800cac8                TIM8_TRG_COM_TIM14_IRQHandler
                0x000000000800cac8                TIM1_UP_TIM10_IRQHandler
                0x000000000800cac8                TIM8_UP_TIM13_IRQHandler
                0x000000000800cac8                I2C3_ER_IRQHandler
                0x000000000800cac8                EXTI0_IRQHandler
                0x000000000800cac8                I2C2_EV_IRQHandler
                0x000000000800cac8                DMA1_Stream2_IRQHandler
                0x000000000800cac8                CAN1_RX0_IRQHandler
                0x000000000800cac8                FPU_IRQHandler
                0x000000000800cac8                OTG_HS_WKUP_IRQHandler
                0x000000000800cac8                CAN2_SCE_IRQHandler
                0x000000000800cac8                DMA2_Stream2_IRQHandler
                0x000000000800cac8                SPI1_IRQHandler
                0x000000000800cac8                TIM6_DAC_IRQHandler
                0x000000000800cac8                TIM1_BRK_TIM9_IRQHandler
                0x000000000800cac8                DCMI_IRQHandler
                0x000000000800cac8                CAN2_RX0_IRQHandler
                0x000000000800cac8                DMA2_Stream3_IRQHandler
                0x000000000800cac8                SAI2_IRQHandler
                0x000000000800cac8                USART6_IRQHandler
                0x000000000800cac8                USART3_IRQHandler
                0x000000000800cac8                CAN1_RX1_IRQHandler
                0x000000000800cac8                UART5_IRQHandler
                0x000000000800cac8                DMA2_Stream0_IRQHandler
                0x000000000800cac8                TIM4_IRQHandler
                0x000000000800cac8                QUADSPI_IRQHandler
                0x000000000800cac8                I2C1_EV_IRQHandler
                0x000000000800cac8                DMA1_Stream6_IRQHandler
                0x000000000800cac8                DMA1_Stream1_IRQHandler
                0x000000000800cac8                UART4_IRQHandler
                0x000000000800cac8                TIM3_IRQHandler
                0x000000000800cac8                RCC_IRQHandler
                0x000000000800cac8                TIM8_BRK_TIM12_IRQHandler
                0x000000000800cac8                Default_Handler
                0x000000000800cac8                CEC_IRQHandler
                0x000000000800cac8                EXTI15_10_IRQHandler
                0x000000000800cac8                ADC_IRQHandler
                0x000000000800cac8                DMA1_Stream7_IRQHandler
                0x000000000800cac8                TIM7_IRQHandler
                0x000000000800cac8                CAN2_TX_IRQHandler
                0x000000000800cac8                TIM5_IRQHandler
                0x000000000800cac8                DMA2_Stream7_IRQHandler
                0x000000000800cac8                I2C3_EV_IRQHandler
                0x000000000800cac8                EXTI9_5_IRQHandler
                0x000000000800cac8                RTC_WKUP_IRQHandler
                0x000000000800cac8                SPDIF_RX_IRQHandler
                0x000000000800cac8                SPI2_IRQHandler
                0x000000000800cac8                OTG_HS_EP1_IN_IRQHandler
                0x000000000800cac8                DMA1_Stream0_IRQHandler
                0x000000000800cac8                CAN1_TX_IRQHandler
                0x000000000800cac8                FMPI2C1_ER_IRQHandler
                0x000000000800cac8                EXTI4_IRQHandler
                0x000000000800cac8                OTG_HS_EP1_OUT_IRQHandler
                0x000000000800cac8                WWDG_IRQHandler
                0x000000000800cac8                TIM2_IRQHandler
                0x000000000800cac8                OTG_FS_WKUP_IRQHandler
                0x000000000800cac8                TIM1_TRG_COM_TIM11_IRQHandler
                0x000000000800cac8                OTG_HS_IRQHandler
                0x000000000800cac8                EXTI1_IRQHandler
                0x000000000800cac8                USART2_IRQHandler
                0x000000000800cac8                I2C2_ER_IRQHandler
                0x000000000800cac8                DMA2_Stream1_IRQHandler
                0x000000000800cac8                CAN1_SCE_IRQHandler
                0x000000000800cac8                FLASH_IRQHandler
                0x000000000800cac8                DMA2_Stream4_IRQHandler
                0x000000000800cac8                USART1_IRQHandler
                0x000000000800cac8                OTG_FS_IRQHandler
                0x000000000800cac8                SPI3_IRQHandler
                0x000000000800cac8                DMA1_Stream4_IRQHandler
                0x000000000800cac8                I2C1_ER_IRQHandler
                0x000000000800cac8                FMC_IRQHandler
                0x000000000800cac8                DMA2_Stream6_IRQHandler
                0x000000000800cac8                SAI1_IRQHandler
                0x000000000800cac8                DMA1_Stream3_IRQHandler
 *fill*         0x000000000800caca        0x2 
 .text.HAL_Init
                0x000000000800cacc       0x44 ./Drivers/STM32F4xx_HAL_Driver/Src/stm32f4xx_hal.o
                0x000000000800cacc                HAL_Init
 .text.HAL_InitTick
                0x000000000800cb10       0x60 ./Drivers/STM32F4xx_HAL_Driver/Src/stm32f4xx_hal.o
                0x000000000800cb10                HAL_InitTick
 .text.HAL_IncTick
                0x000000000800cb70       0x28 ./Drivers/STM32F4xx_HAL_Driver/Src/stm32f4xx_hal.o
                0x000000000800cb70                HAL_IncTick
 .text.HAL_GetTick
                0x000000000800cb98       0x18 ./Drivers/STM32F4xx_HAL_Driver/Src/stm32f4xx_hal.o
                0x000000000800cb98                HAL_GetTick
 .text.__NVIC_SetPriorityGrouping
                0x000000000800cbb0       0x48 ./Drivers/STM32F4xx_HAL_Driver/Src/stm32f4xx_hal_cortex.o
 .text.__NVIC_GetPriorityGrouping
                0x000000000800cbf8       0x1c ./Drivers/STM32F4xx_HAL_Driver/Src/stm32f4xx_hal_cortex.o
 .text.__NVIC_SetPriority
                0x000000000800cc14       0x54 ./Drivers/STM32F4xx_HAL_Driver/Src/stm32f4xx_hal_cortex.o
 .text.NVIC_EncodePriority
                0x000000000800cc68       0x66 ./Drivers/STM32F4xx_HAL_Driver/Src/stm32f4xx_hal_cortex.o
 *fill*         0x000000000800ccce        0x2 
 .text.SysTick_Config
                0x000000000800ccd0       0x44 ./Drivers/STM32F4xx_HAL_Driver/Src/stm32f4xx_hal_cortex.o
 .text.HAL_NVIC_SetPriorityGrouping
                0x000000000800cd14       0x16 ./Drivers/STM32F4xx_HAL_Driver/Src/stm32f4xx_hal_cortex.o
                0x000000000800cd14                HAL_NVIC_SetPriorityGrouping
 .text.HAL_NVIC_SetPriority
                0x000000000800cd2a       0x38 ./Drivers/STM32F4xx_HAL_Driver/Src/stm32f4xx_hal_cortex.o
                0x000000000800cd2a                HAL_NVIC_SetPriority
 .text.HAL_SYSTICK_Config
                0x000000000800cd62       0x18 ./Drivers/STM32F4xx_HAL_Driver/Src/stm32f4xx_hal_cortex.o
                0x000000000800cd62                HAL_SYSTICK_Config
 *fill*         0x000000000800cd7a        0x2 
 .text.HAL_FLASH_Program
                0x000000000800cd7c       0xa8 ./Drivers/STM32F4xx_HAL_Driver/Src/stm32f4xx_hal_flash.o
                0x000000000800cd7c                HAL_FLASH_Program
 .text.HAL_FLASH_Unlock
                0x000000000800ce24       0x44 ./Drivers/STM32F4xx_HAL_Driver/Src/stm32f4xx_hal_flash.o
                0x000000000800ce24                HAL_FLASH_Unlock
 .text.HAL_FLASH_Lock
                0x000000000800ce68       0x20 ./Drivers/STM32F4xx_HAL_Driver/Src/stm32f4xx_hal_flash.o
                0x000000000800ce68                HAL_FLASH_Lock
 .text.FLASH_WaitForLastOperation
                0x000000000800ce88       0x80 ./Drivers/STM32F4xx_HAL_Driver/Src/stm32f4xx_hal_flash.o
                0x000000000800ce88                FLASH_WaitForLastOperation
 .text.FLASH_Program_DoubleWord
                0x000000000800cf08       0x64 ./Drivers/STM32F4xx_HAL_Driver/Src/stm32f4xx_hal_flash.o
 .text.FLASH_Program_Word
                0x000000000800cf6c       0x44 ./Drivers/STM32F4xx_HAL_Driver/Src/stm32f4xx_hal_flash.o
 .text.FLASH_Program_HalfWord
                0x000000000800cfb0       0x48 ./Drivers/STM32F4xx_HAL_Driver/Src/stm32f4xx_hal_flash.o
 .text.FLASH_Program_Byte
                0x000000000800cff8       0x44 ./Drivers/STM32F4xx_HAL_Driver/Src/stm32f4xx_hal_flash.o
 .text.FLASH_SetErrorCode
                0x000000000800d03c       0xcc ./Drivers/STM32F4xx_HAL_Driver/Src/stm32f4xx_hal_flash.o
 .text.HAL_FLASHEx_Erase
                0x000000000800d108       0xe0 ./Drivers/STM32F4xx_HAL_Driver/Src/stm32f4xx_hal_flash_ex.o
                0x000000000800d108                HAL_FLASHEx_Erase
 .text.FLASH_MassErase
                0x000000000800d1e8       0x48 ./Drivers/STM32F4xx_HAL_Driver/Src/stm32f4xx_hal_flash_ex.o
 .text.FLASH_Erase_Sector
                0x000000000800d230       0x90 ./Drivers/STM32F4xx_HAL_Driver/Src/stm32f4xx_hal_flash_ex.o
                0x000000000800d230                FLASH_Erase_Sector
 .text.FLASH_FlushCaches
                0x000000000800d2c0       0x8c ./Drivers/STM32F4xx_HAL_Driver/Src/stm32f4xx_hal_flash_ex.o
                0x000000000800d2c0                FLASH_FlushCaches
 .text.HAL_GPIO_Init
                0x000000000800d34c      0x328 ./Drivers/STM32F4xx_HAL_Driver/Src/stm32f4xx_hal_gpio.o
                0x000000000800d34c                HAL_GPIO_Init
 .text.HAL_GPIO_WritePin
                0x000000000800d674       0x32 ./Drivers/STM32F4xx_HAL_Driver/Src/stm32f4xx_hal_gpio.o
                0x000000000800d674                HAL_GPIO_WritePin
 *fill*         0x000000000800d6a6        0x2 
 .text.HAL_PWR_EnableBkUpAccess
                0x000000000800d6a8       0x28 ./Drivers/STM32F4xx_HAL_Driver/Src/stm32f4xx_hal_pwr.o
                0x000000000800d6a8                HAL_PWR_EnableBkUpAccess
 .text.HAL_PWR_DisableBkUpAccess
                0x000000000800d6d0       0x28 ./Drivers/STM32F4xx_HAL_Driver/Src/stm32f4xx_hal_pwr.o
                0x000000000800d6d0                HAL_PWR_DisableBkUpAccess
 .text.HAL_RCC_ClockConfig
                0x000000000800d6f8      0x1cc ./Drivers/STM32F4xx_HAL_Driver/Src/stm32f4xx_hal_rcc.o
                0x000000000800d6f8                HAL_RCC_ClockConfig
 .text.HAL_RCCEx_PeriphCLKConfig
                0x000000000800d8c4      0x654 ./Drivers/STM32F4xx_HAL_Driver/Src/stm32f4xx_hal_rcc_ex.o
                0x000000000800d8c4                HAL_RCCEx_PeriphCLKConfig
 .text.HAL_RCC_GetSysClockFreq
                0x000000000800df18      0x354 ./Drivers/STM32F4xx_HAL_Driver/Src/stm32f4xx_hal_rcc_ex.o
                0x000000000800df18                HAL_RCC_GetSysClockFreq
 .text.HAL_RCC_OscConfig
                0x000000000800e26c      0x53c ./Drivers/STM32F4xx_HAL_Driver/Src/stm32f4xx_hal_rcc_ex.o
                0x000000000800e26c                HAL_RCC_OscConfig
 .text.HAL_RTC_Init
                0x000000000800e7a8      0x106 ./Drivers/STM32F4xx_HAL_Driver/Src/stm32f4xx_hal_rtc.o
                0x000000000800e7a8                HAL_RTC_Init
 *fill*         0x000000000800e8ae        0x2 
 .text.HAL_RTC_WaitForSynchro
                0x000000000800e8b0       0x4c ./Drivers/STM32F4xx_HAL_Driver/Src/stm32f4xx_hal_rtc.o
                0x000000000800e8b0                HAL_RTC_WaitForSynchro
 .text.RTC_EnterInitMode
                0x000000000800e8fc       0x6e ./Drivers/STM32F4xx_HAL_Driver/Src/stm32f4xx_hal_rtc.o
                0x000000000800e8fc                RTC_EnterInitMode
 .text.RTC_ExitInitMode
                0x000000000800e96a       0x4a ./Drivers/STM32F4xx_HAL_Driver/Src/stm32f4xx_hal_rtc.o
                0x000000000800e96a                RTC_ExitInitMode
 .text.HAL_RTCEx_BKUPWrite
                0x000000000800e9b4       0x34 ./Drivers/STM32F4xx_HAL_Driver/Src/stm32f4xx_hal_rtc_ex.o
                0x000000000800e9b4                HAL_RTCEx_BKUPWrite
 .text.memset   0x000000000800e9e8       0x10 C:/ST/STM32CubeIDE_1.14.0/STM32CubeIDE/plugins/com.st.stm32cube.ide.mcu.externaltools.gnu-tools-for-stm32.11.3.rel1.win32_1.1.100.202309141235/tools/bin/../lib/gcc/arm-none-eabi/11.3.1/../../../../arm-none-eabi/lib/thumb/v7e-m+fp/hard\libc_nano.a(libc_a-memset.o)
                0x000000000800e9e8                memset
 .text.__libc_init_array
                0x000000000800e9f8       0x48 C:/ST/STM32CubeIDE_1.14.0/STM32CubeIDE/plugins/com.st.stm32cube.ide.mcu.externaltools.gnu-tools-for-stm32.11.3.rel1.win32_1.1.100.202309141235/tools/bin/../lib/gcc/arm-none-eabi/11.3.1/../../../../arm-none-eabi/lib/thumb/v7e-m+fp/hard\libc_nano.a(libc_a-init.o)
                0x000000000800e9f8                __libc_init_array
 .text.memcpy   0x000000000800ea40       0x1c C:/ST/STM32CubeIDE_1.14.0/STM32CubeIDE/plugins/com.st.stm32cube.ide.mcu.externaltools.gnu-tools-for-stm32.11.3.rel1.win32_1.1.100.202309141235/tools/bin/../lib/gcc/arm-none-eabi/11.3.1/../../../../arm-none-eabi/lib/thumb/v7e-m+fp/hard\libc_nano.a(libc_a-memcpy-stub.o)
                0x000000000800ea40                memcpy
 *(.glue_7)
 .glue_7        0x000000000800ea5c        0x0 linker stubs
 *(.glue_7t)
 .glue_7t       0x000000000800ea5c        0x0 linker stubs
 *(.eh_frame)
 .eh_frame      0x000000000800ea5c        0x0 C:/ST/STM32CubeIDE_1.14.0/STM32CubeIDE/plugins/com.st.stm32cube.ide.mcu.externaltools.gnu-tools-for-stm32.11.3.rel1.win32_1.1.100.202309141235/tools/bin/../lib/gcc/arm-none-eabi/11.3.1/thumb/v7e-m+fp/hard/crtbegin.o
 *(.init)
 .init          0x000000000800ea5c        0x4 C:/ST/STM32CubeIDE_1.14.0/STM32CubeIDE/plugins/com.st.stm32cube.ide.mcu.externaltools.gnu-tools-for-stm32.11.3.rel1.win32_1.1.100.202309141235/tools/bin/../lib/gcc/arm-none-eabi/11.3.1/thumb/v7e-m+fp/hard/crti.o
                0x000000000800ea5c                _init
 .init          0x000000000800ea60        0x8 C:/ST/STM32CubeIDE_1.14.0/STM32CubeIDE/plugins/com.st.stm32cube.ide.mcu.externaltools.gnu-tools-for-stm32.11.3.rel1.win32_1.1.100.202309141235/tools/bin/../lib/gcc/arm-none-eabi/11.3.1/thumb/v7e-m+fp/hard/crtn.o
 *(.fini)
 .fini          0x000000000800ea68        0x4 C:/ST/STM32CubeIDE_1.14.0/STM32CubeIDE/plugins/com.st.stm32cube.ide.mcu.externaltools.gnu-tools-for-stm32.11.3.rel1.win32_1.1.100.202309141235/tools/bin/../lib/gcc/arm-none-eabi/11.3.1/thumb/v7e-m+fp/hard/crti.o
                0x000000000800ea68                _fini
 .fini          0x000000000800ea6c        0x8 C:/ST/STM32CubeIDE_1.14.0/STM32CubeIDE/plugins/com.st.stm32cube.ide.mcu.externaltools.gnu-tools-for-stm32.11.3.rel1.win32_1.1.100.202309141235/tools/bin/../lib/gcc/arm-none-eabi/11.3.1/thumb/v7e-m+fp/hard/crtn.o
                0x000000000800ea74                . = ALIGN (0x4)
                0x000000000800ea74                _etext = .

.vfp11_veneer   0x000000000800ea74        0x0
 .vfp11_veneer  0x000000000800ea74        0x0 linker stubs

.v4_bx          0x000000000800ea74        0x0
 .v4_bx         0x000000000800ea74        0x0 linker stubs

.iplt           0x000000000800ea74        0x0
 .iplt          0x000000000800ea74        0x0 C:/ST/STM32CubeIDE_1.14.0/STM32CubeIDE/plugins/com.st.stm32cube.ide.mcu.externaltools.gnu-tools-for-stm32.11.3.rel1.win32_1.1.100.202309141235/tools/bin/../lib/gcc/arm-none-eabi/11.3.1/thumb/v7e-m+fp/hard/crtbegin.o

.rodata         0x000000000800ea74       0x10
                0x000000000800ea74                . = ALIGN (0x4)
 *(.rodata)
 *(.rodata*)
 .rodata.AHBPrescTable
                0x000000000800ea74       0x10 ./Core/Src/system_stm32f4xx.o
                0x000000000800ea74                AHBPrescTable
                0x000000000800ea84                . = ALIGN (0x4)

.ARM.extab      0x000000000800ea84        0x0
                0x000000000800ea84                . = ALIGN (0x4)
 *(.ARM.extab* .gnu.linkonce.armextab.*)
                0x000000000800ea84                . = ALIGN (0x4)

.ARM            0x000000000800ea84        0x8
                0x000000000800ea84                . = ALIGN (0x4)
                0x000000000800ea84                __exidx_start = .
 *(.ARM.exidx*)
 .ARM.exidx     0x000000000800ea84        0x8 C:/ST/STM32CubeIDE_1.14.0/STM32CubeIDE/plugins/com.st.stm32cube.ide.mcu.externaltools.gnu-tools-for-stm32.11.3.rel1.win32_1.1.100.202309141235/tools/bin/../lib/gcc/arm-none-eabi/11.3.1/thumb/v7e-m+fp/hard\libgcc.a(_udivmoddi4.o)
                0x000000000800ea8c                __exidx_end = .
                0x000000000800ea8c                . = ALIGN (0x4)

.rel.dyn        0x000000000800ea8c        0x0
 .rel.iplt      0x000000000800ea8c        0x0 C:/ST/STM32CubeIDE_1.14.0/STM32CubeIDE/plugins/com.st.stm32cube.ide.mcu.externaltools.gnu-tools-for-stm32.11.3.rel1.win32_1.1.100.202309141235/tools/bin/../lib/gcc/arm-none-eabi/11.3.1/thumb/v7e-m+fp/hard/crtbegin.o

.preinit_array  0x000000000800ea8c        0x0
                0x000000000800ea8c                . = ALIGN (0x4)
                0x000000000800ea8c                PROVIDE (__preinit_array_start = .)
 *(.preinit_array*)
                0x000000000800ea8c                PROVIDE (__preinit_array_end = .)
                0x000000000800ea8c                . = ALIGN (0x4)

.init_array     0x000000000800ea8c        0x4
                0x000000000800ea8c                . = ALIGN (0x4)
                0x000000000800ea8c                PROVIDE (__init_array_start = .)
 *(SORT_BY_NAME(.init_array.*))
 *(.init_array*)
 .init_array    0x000000000800ea8c        0x4 C:/ST/STM32CubeIDE_1.14.0/STM32CubeIDE/plugins/com.st.stm32cube.ide.mcu.externaltools.gnu-tools-for-stm32.11.3.rel1.win32_1.1.100.202309141235/tools/bin/../lib/gcc/arm-none-eabi/11.3.1/thumb/v7e-m+fp/hard/crtbegin.o
                0x000000000800ea90                PROVIDE (__init_array_end = .)
                0x000000000800ea90                . = ALIGN (0x4)

.fini_array     0x000000000800ea90        0x4
                0x000000000800ea90                . = ALIGN (0x4)
                [!provide]                        PROVIDE (__fini_array_start = .)
 *(SORT_BY_NAME(.fini_array.*))
 *(.fini_array*)
 .fini_array    0x000000000800ea90        0x4 C:/ST/STM32CubeIDE_1.14.0/STM32CubeIDE/plugins/com.st.stm32cube.ide.mcu.externaltools.gnu-tools-for-stm32.11.3.rel1.win32_1.1.100.202309141235/tools/bin/../lib/gcc/arm-none-eabi/11.3.1/thumb/v7e-m+fp/hard/crtbegin.o
                [!provide]                        PROVIDE (__fini_array_end = .)
                0x000000000800ea94                . = ALIGN (0x4)
                0x000000000800ea94                _sidata = LOADADDR (.data)

.data           0x0000000020000000       0x14 load address 0x000000000800ea94
                0x0000000020000000                . = ALIGN (0x4)
                0x0000000020000000                _sdata = .
 *(.data)
 *(.data*)
 .data.bootloader_as_array
                0x0000000020000000        0x7 ./Core/Src/Silent_Bootloader_Logic.o
 *fill*         0x0000000020000007        0x1 
 .data.SystemCoreClock
                0x0000000020000008        0x4 ./Core/Src/system_stm32f4xx.o
                0x0000000020000008                SystemCoreClock
 .data.uwTickPrio
                0x000000002000000c        0x4 ./Drivers/STM32F4xx_HAL_Driver/Src/stm32f4xx_hal.o
                0x000000002000000c                uwTickPrio
 .data.uwTickFreq
                0x0000000020000010        0x1 ./Drivers/STM32F4xx_HAL_Driver/Src/stm32f4xx_hal.o
                0x0000000020000010                uwTickFreq
 *(.RamFunc)
 *(.RamFunc*)
                0x0000000020000014                . = ALIGN (0x4)
 *fill*         0x0000000020000011        0x3 
                0x0000000020000014                _edata = .

.igot.plt       0x0000000020000014        0x0 load address 0x000000000800eaa8
 .igot.plt      0x0000000020000014        0x0 C:/ST/STM32CubeIDE_1.14.0/STM32CubeIDE/plugins/com.st.stm32cube.ide.mcu.externaltools.gnu-tools-for-stm32.11.3.rel1.win32_1.1.100.202309141235/tools/bin/../lib/gcc/arm-none-eabi/11.3.1/thumb/v7e-m+fp/hard/crtbegin.o
                0x0000000020000014                . = ALIGN (0x4)

.bss            0x0000000020000014       0x74 load address 0x000000000800eaa8
                0x0000000020000014                _sbss = .
                0x0000000020000014                __bss_start__ = _sbss
 *(.bss)
 .bss           0x0000000020000014       0x1c C:/ST/STM32CubeIDE_1.14.0/STM32CubeIDE/plugins/com.st.stm32cube.ide.mcu.externaltools.gnu-tools-for-stm32.11.3.rel1.win32_1.1.100.202309141235/tools/bin/../lib/gcc/arm-none-eabi/11.3.1/thumb/v7e-m+fp/hard/crtbegin.o
 *(.bss*)
 .bss.EraseInitStruct.0
                0x0000000020000030       0x14 ./Core/Src/Silent_Bootloader_Logic.o
 .bss.hrtc      0x0000000020000044       0x20 ./Core/Src/rtc.o
                0x0000000020000044                hrtc
 .bss.uwTick    0x0000000020000064        0x4 ./Drivers/STM32F4xx_HAL_Driver/Src/stm32f4xx_hal.o
                0x0000000020000064                uwTick
 .bss.pFlash    0x0000000020000068       0x20 ./Drivers/STM32F4xx_HAL_Driver/Src/stm32f4xx_hal_flash.o
                0x0000000020000068                pFlash
 *(COMMON)
                0x0000000020000088                . = ALIGN (0x4)
                0x0000000020000088                _ebss = .
                0x0000000020000088                __bss_end__ = _ebss

._user_heap_stack
                0x0000000020000088      0x600 load address 0x000000000800eaa8
                0x0000000020000088                . = ALIGN (0x8)
                [!provide]                        PROVIDE (end = .)
                0x0000000020000088                PROVIDE (_end = .)
                0x0000000020000288                . = (. + _Min_Heap_Size)
 *fill*         0x0000000020000088      0x200 
                0x0000000020000688                . = (. + _Min_Stack_Size)
 *fill*         0x0000000020000288      0x400 
                0x0000000020000688                . = ALIGN (0x8)

/DISCARD/
 libc.a(*)
 libm.a(*)
 libgcc.a(*)

.ARM.attributes
                0x0000000000000000       0x30
 *(.ARM.attributes)
 .ARM.attributes
                0x0000000000000000       0x1e C:/ST/STM32CubeIDE_1.14.0/STM32CubeIDE/plugins/com.st.stm32cube.ide.mcu.externaltools.gnu-tools-for-stm32.11.3.rel1.win32_1.1.100.202309141235/tools/bin/../lib/gcc/arm-none-eabi/11.3.1/thumb/v7e-m+fp/hard/crti.o
 .ARM.attributes
                0x000000000000001e       0x34 C:/ST/STM32CubeIDE_1.14.0/STM32CubeIDE/plugins/com.st.stm32cube.ide.mcu.externaltools.gnu-tools-for-stm32.11.3.rel1.win32_1.1.100.202309141235/tools/bin/../lib/gcc/arm-none-eabi/11.3.1/thumb/v7e-m+fp/hard/crtbegin.o
 .ARM.attributes
                0x0000000000000052       0x34 ./Core/Src/Silent_Bootloader_Logic.o
 .ARM.attributes
                0x0000000000000086       0x34 ./Core/Src/gpio.o
 .ARM.attributes
                0x00000000000000ba       0x34 ./Core/Src/main.o
 .ARM.attributes
                0x00000000000000ee       0x34 ./Core/Src/rtc.o
 .ARM.attributes
                0x0000000000000122       0x34 ./Core/Src/stm32f4xx_hal_msp.o
 .ARM.attributes
                0x0000000000000156       0x34 ./Core/Src/stm32f4xx_it.o
 .ARM.attributes
                0x000000000000018a       0x34 ./Core/Src/system_stm32f4xx.o
 .ARM.attributes
                0x00000000000001be       0x21 ./Core/Startup/startup_stm32f446retx.o
 .ARM.attributes
                0x00000000000001df       0x34 ./Drivers/STM32F4xx_HAL_Driver/Src/stm32f4xx_hal.o
 .ARM.attributes
                0x0000000000000213       0x34 ./Drivers/STM32F4xx_HAL_Driver/Src/stm32f4xx_hal_cortex.o
 .ARM.attributes
                0x0000000000000247       0x34 ./Drivers/STM32F4xx_HAL_Driver/Src/stm32f4xx_hal_flash.o
 .ARM.attributes
                0x000000000000027b       0x34 ./Drivers/STM32F4xx_HAL_Driver/Src/stm32f4xx_hal_flash_ex.o
 .ARM.attributes
                0x00000000000002af       0x34 ./Drivers/STM32F4xx_HAL_Driver/Src/stm32f4xx_hal_gpio.o
 .ARM.attributes
                0x00000000000002e3       0x34 ./Drivers/STM32F4xx_HAL_Driver/Src/stm32f4xx_hal_pwr.o
 .ARM.attributes
                0x0000000000000317       0x34 ./Drivers/STM32F4xx_HAL_Driver/Src/stm32f4xx_hal_rcc.o
 .ARM.attributes
                0x000000000000034b       0x34 ./Drivers/STM32F4xx_HAL_Driver/Src/stm32f4xx_hal_rcc_ex.o
 .ARM.attributes
                0x000000000000037f       0x34 ./Drivers/STM32F4xx_HAL_Driver/Src/stm32f4xx_hal_rtc.o
 .ARM.attributes
                0x00000000000003b3       0x34 ./Drivers/STM32F4xx_HAL_Driver/Src/stm32f4xx_hal_rtc_ex.o
 .ARM.attributes
                0x00000000000003e7       0x34 C:/ST/STM32CubeIDE_1.14.0/STM32CubeIDE/plugins/com.st.stm32cube.ide.mcu.externaltools.gnu-tools-for-stm32.11.3.rel1.win32_1.1.100.202309141235/tools/bin/../lib/gcc/arm-none-eabi/11.3.1/../../../../arm-none-eabi/lib/thumb/v7e-m+fp/hard\libc_nano.a(libc_a-memset.o)
 .ARM.attributes
                0x000000000000041b       0x34 C:/ST/STM32CubeIDE_1.14.0/STM32CubeIDE/plugins/com.st.stm32cube.ide.mcu.externaltools.gnu-tools-for-stm32.11.3.rel1.win32_1.1.100.202309141235/tools/bin/../lib/gcc/arm-none-eabi/11.3.1/../../../../arm-none-eabi/lib/thumb/v7e-m+fp/hard\libc_nano.a(libc_a-init.o)
 .ARM.attributes
                0x000000000000044f       0x34 C:/ST/STM32CubeIDE_1.14.0/STM32CubeIDE/plugins/com.st.stm32cube.ide.mcu.externaltools.gnu-tools-for-stm32.11.3.rel1.win32_1.1.100.202309141235/tools/bin/../lib/gcc/arm-none-eabi/11.3.1/../../../../arm-none-eabi/lib/thumb/v7e-m+fp/hard\libc_nano.a(libc_a-memcpy-stub.o)
 .ARM.attributes
                0x0000000000000483       0x1e C:/ST/STM32CubeIDE_1.14.0/STM32CubeIDE/plugins/com.st.stm32cube.ide.mcu.externaltools.gnu-tools-for-stm32.11.3.rel1.win32_1.1.100.202309141235/tools/bin/../lib/gcc/arm-none-eabi/11.3.1/thumb/v7e-m+fp/hard\libgcc.a(_aeabi_uldivmod.o)
 .ARM.attributes
                0x00000000000004a1       0x34 C:/ST/STM32CubeIDE_1.14.0/STM32CubeIDE/plugins/com.st.stm32cube.ide.mcu.externaltools.gnu-tools-for-stm32.11.3.rel1.win32_1.1.100.202309141235/tools/bin/../lib/gcc/arm-none-eabi/11.3.1/thumb/v7e-m+fp/hard\libgcc.a(_udivmoddi4.o)
 .ARM.attributes
                0x00000000000004d5       0x1e C:/ST/STM32CubeIDE_1.14.0/STM32CubeIDE/plugins/com.st.stm32cube.ide.mcu.externaltools.gnu-tools-for-stm32.11.3.rel1.win32_1.1.100.202309141235/tools/bin/../lib/gcc/arm-none-eabi/11.3.1/thumb/v7e-m+fp/hard\libgcc.a(_dvmd_tls.o)
 .ARM.attributes
                0x00000000000004f3       0x1e C:/ST/STM32CubeIDE_1.14.0/STM32CubeIDE/plugins/com.st.stm32cube.ide.mcu.externaltools.gnu-tools-for-stm32.11.3.rel1.win32_1.1.100.202309141235/tools/bin/../lib/gcc/arm-none-eabi/11.3.1/thumb/v7e-m+fp/hard/crtn.o
OUTPUT(BootLoader_Updater_Silent.elf elf32-littlearm)
LOAD linker stubs
LOAD C:/ST/STM32CubeIDE_1.14.0/STM32CubeIDE/plugins/com.st.stm32cube.ide.mcu.externaltools.gnu-tools-for-stm32.11.3.rel1.win32_1.1.100.202309141235/tools/bin/../lib/gcc/arm-none-eabi/11.3.1/../../../../arm-none-eabi/lib/thumb/v7e-m+fp/hard\libc.a
LOAD C:/ST/STM32CubeIDE_1.14.0/STM32CubeIDE/plugins/com.st.stm32cube.ide.mcu.externaltools.gnu-tools-for-stm32.11.3.rel1.win32_1.1.100.202309141235/tools/bin/../lib/gcc/arm-none-eabi/11.3.1/../../../../arm-none-eabi/lib/thumb/v7e-m+fp/hard\libm.a
LOAD C:/ST/STM32CubeIDE_1.14.0/STM32CubeIDE/plugins/com.st.stm32cube.ide.mcu.externaltools.gnu-tools-for-stm32.11.3.rel1.win32_1.1.100.202309141235/tools/bin/../lib/gcc/arm-none-eabi/11.3.1/thumb/v7e-m+fp/hard\libgcc.a

.comment        0x0000000000000000       0x43
 .comment       0x0000000000000000       0x43 C:/ST/STM32CubeIDE_1.14.0/STM32CubeIDE/plugins/com.st.stm32cube.ide.mcu.externaltools.gnu-tools-for-stm32.11.3.rel1.win32_1.1.100.202309141235/tools/bin/../lib/gcc/arm-none-eabi/11.3.1/thumb/v7e-m+fp/hard/crtbegin.o
                                         0x44 (size before relaxing)
 .comment       0x0000000000000043       0x44 ./Core/Src/Silent_Bootloader_Logic.o
 .comment       0x0000000000000043       0x44 ./Core/Src/gpio.o
 .comment       0x0000000000000043       0x44 ./Core/Src/main.o
 .comment       0x0000000000000043       0x44 ./Core/Src/rtc.o
 .comment       0x0000000000000043       0x44 ./Core/Src/stm32f4xx_hal_msp.o
 .comment       0x0000000000000043       0x44 ./Core/Src/stm32f4xx_it.o
 .comment       0x0000000000000043       0x44 ./Core/Src/system_stm32f4xx.o
 .comment       0x0000000000000043       0x44 ./Drivers/STM32F4xx_HAL_Driver/Src/stm32f4xx_hal.o
 .comment       0x0000000000000043       0x44 ./Drivers/STM32F4xx_HAL_Driver/Src/stm32f4xx_hal_cortex.o
 .comment       0x0000000000000043       0x44 ./Drivers/STM32F4xx_HAL_Driver/Src/stm32f4xx_hal_flash.o
 .comment       0x0000000000000043       0x44 ./Drivers/STM32F4xx_HAL_Driver/Src/stm32f4xx_hal_flash_ex.o
 .comment       0x0000000000000043       0x44 ./Drivers/STM32F4xx_HAL_Driver/Src/stm32f4xx_hal_gpio.o
 .comment       0x0000000000000043       0x44 ./Drivers/STM32F4xx_HAL_Driver/Src/stm32f4xx_hal_pwr.o
 .comment       0x0000000000000043       0x44 ./Drivers/STM32F4xx_HAL_Driver/Src/stm32f4xx_hal_rcc.o
 .comment       0x0000000000000043       0x44 ./Drivers/STM32F4xx_HAL_Driver/Src/stm32f4xx_hal_rcc_ex.o
 .comment       0x0000000000000043       0x44 ./Drivers/STM32F4xx_HAL_Driver/Src/stm32f4xx_hal_rtc.o
 .comment       0x0000000000000043       0x44 ./Drivers/STM32F4xx_HAL_Driver/Src/stm32f4xx_hal_rtc_ex.o

.debug_info     0x0000000000000000     0x8168
 .debug_info    0x0000000000000000      0x942 ./Core/Src/Silent_Bootloader_Logic.o
 .debug_info    0x0000000000000942      0x3e5 ./Core/Src/gpio.o
 .debug_info    0x0000000000000d27      0x4fc ./Core/Src/main.o
 .debug_info    0x0000000000001223      0x665 ./Core/Src/rtc.o
 .debug_info    0x0000000000001888      0x299 ./Core/Src/stm32f4xx_hal_msp.o
 .debug_info    0x0000000000001b21      0x112 ./Core/Src/stm32f4xx_it.o
 .debug_info    0x0000000000001c33      0x54a ./Core/Src/system_stm32f4xx.o
 .debug_info    0x000000000000217d       0x23 ./Core/Startup/startup_stm32f446retx.o
 .debug_info    0x00000000000021a0      0x99a ./Drivers/STM32F4xx_HAL_Driver/Src/stm32f4xx_hal.o
 .debug_info    0x0000000000002b3a      0xd75 ./Drivers/STM32F4xx_HAL_Driver/Src/stm32f4xx_hal_cortex.o
 .debug_info    0x00000000000038af      0x57d ./Drivers/STM32F4xx_HAL_Driver/Src/stm32f4xx_hal_flash.o
 .debug_info    0x0000000000003e2c      0x7db ./Drivers/STM32F4xx_HAL_Driver/Src/stm32f4xx_hal_flash_ex.o
 .debug_info    0x0000000000004607      0x70b ./Drivers/STM32F4xx_HAL_Driver/Src/stm32f4xx_hal_gpio.o
 .debug_info    0x0000000000004d12      0x731 ./Drivers/STM32F4xx_HAL_Driver/Src/stm32f4xx_hal_pwr.o
 .debug_info    0x0000000000005443      0x8ed ./Drivers/STM32F4xx_HAL_Driver/Src/stm32f4xx_hal_rcc.o
 .debug_info    0x0000000000005d30      0x956 ./Drivers/STM32F4xx_HAL_Driver/Src/stm32f4xx_hal_rcc_ex.o
 .debug_info    0x0000000000006686      0xc20 ./Drivers/STM32F4xx_HAL_Driver/Src/stm32f4xx_hal_rtc.o
 .debug_info    0x00000000000072a6      0xec2 ./Drivers/STM32F4xx_HAL_Driver/Src/stm32f4xx_hal_rtc_ex.o

.debug_abbrev   0x0000000000000000     0x200c
 .debug_abbrev  0x0000000000000000      0x271 ./Core/Src/Silent_Bootloader_Logic.o
 .debug_abbrev  0x0000000000000271      0x147 ./Core/Src/gpio.o
 .debug_abbrev  0x00000000000003b8      0x1ef ./Core/Src/main.o
 .debug_abbrev  0x00000000000005a7      0x195 ./Core/Src/rtc.o
 .debug_abbrev  0x000000000000073c       0xd8 ./Core/Src/stm32f4xx_hal_msp.o
 .debug_abbrev  0x0000000000000814       0x73 ./Core/Src/stm32f4xx_it.o
 .debug_abbrev  0x0000000000000887      0x11a ./Core/Src/system_stm32f4xx.o
 .debug_abbrev  0x00000000000009a1       0x12 ./Core/Startup/startup_stm32f446retx.o
 .debug_abbrev  0x00000000000009b3      0x214 ./Drivers/STM32F4xx_HAL_Driver/Src/stm32f4xx_hal.o
 .debug_abbrev  0x0000000000000bc7      0x328 ./Drivers/STM32F4xx_HAL_Driver/Src/stm32f4xx_hal_cortex.o
 .debug_abbrev  0x0000000000000eef      0x28c ./Drivers/STM32F4xx_HAL_Driver/Src/stm32f4xx_hal_flash.o
 .debug_abbrev  0x000000000000117b      0x26c ./Drivers/STM32F4xx_HAL_Driver/Src/stm32f4xx_hal_flash_ex.o
 .debug_abbrev  0x00000000000013e7      0x1d4 ./Drivers/STM32F4xx_HAL_Driver/Src/stm32f4xx_hal_gpio.o
 .debug_abbrev  0x00000000000015bb      0x19c ./Drivers/STM32F4xx_HAL_Driver/Src/stm32f4xx_hal_pwr.o
 .debug_abbrev  0x0000000000001757      0x2b6 ./Drivers/STM32F4xx_HAL_Driver/Src/stm32f4xx_hal_rcc.o
 .debug_abbrev  0x0000000000001a0d      0x20a ./Drivers/STM32F4xx_HAL_Driver/Src/stm32f4xx_hal_rcc_ex.o
 .debug_abbrev  0x0000000000001c17      0x1ee ./Drivers/STM32F4xx_HAL_Driver/Src/stm32f4xx_hal_rtc.o
 .debug_abbrev  0x0000000000001e05      0x207 ./Drivers/STM32F4xx_HAL_Driver/Src/stm32f4xx_hal_rtc_ex.o

.debug_aranges  0x0000000000000000      0x928
 .debug_aranges
                0x0000000000000000       0x50 ./Core/Src/Silent_Bootloader_Logic.o
 .debug_aranges
                0x0000000000000050       0x20 ./Core/Src/gpio.o
 .debug_aranges
                0x0000000000000070       0x30 ./Core/Src/main.o
 .debug_aranges
                0x00000000000000a0       0x30 ./Core/Src/rtc.o
 .debug_aranges
                0x00000000000000d0       0x20 ./Core/Src/stm32f4xx_hal_msp.o
 .debug_aranges
                0x00000000000000f0       0x60 ./Core/Src/stm32f4xx_it.o
 .debug_aranges
                0x0000000000000150       0x28 ./Core/Src/system_stm32f4xx.o
 .debug_aranges
                0x0000000000000178       0x28 ./Core/Startup/startup_stm32f446retx.o
 .debug_aranges
                0x00000000000001a0       0xf0 ./Drivers/STM32F4xx_HAL_Driver/Src/stm32f4xx_hal.o
 .debug_aranges
                0x0000000000000290      0x120 ./Drivers/STM32F4xx_HAL_Driver/Src/stm32f4xx_hal_cortex.o
 .debug_aranges
                0x00000000000003b0       0xa0 ./Drivers/STM32F4xx_HAL_Driver/Src/stm32f4xx_hal_flash.o
 .debug_aranges
                0x0000000000000450       0xc8 ./Drivers/STM32F4xx_HAL_Driver/Src/stm32f4xx_hal_flash_ex.o
 .debug_aranges
                0x0000000000000518       0x58 ./Drivers/STM32F4xx_HAL_Driver/Src/stm32f4xx_hal_gpio.o
 .debug_aranges
                0x0000000000000570       0xa0 ./Drivers/STM32F4xx_HAL_Driver/Src/stm32f4xx_hal_pwr.o
 .debug_aranges
                0x0000000000000610       0x88 ./Drivers/STM32F4xx_HAL_Driver/Src/stm32f4xx_hal_rcc.o
 .debug_aranges
                0x0000000000000698       0x78 ./Drivers/STM32F4xx_HAL_Driver/Src/stm32f4xx_hal_rcc_ex.o
 .debug_aranges
                0x0000000000000710       0xe8 ./Drivers/STM32F4xx_HAL_Driver/Src/stm32f4xx_hal_rtc.o
 .debug_aranges
                0x00000000000007f8      0x130 ./Drivers/STM32F4xx_HAL_Driver/Src/stm32f4xx_hal_rtc_ex.o

.debug_rnglists
                0x0000000000000000      0x6bd
 .debug_rnglists
                0x0000000000000000       0x39 ./Core/Src/Silent_Bootloader_Logic.o
 .debug_rnglists
                0x0000000000000039       0x13 ./Core/Src/gpio.o
 .debug_rnglists
                0x000000000000004c       0x20 ./Core/Src/main.o
 .debug_rnglists
                0x000000000000006c       0x1f ./Core/Src/rtc.o
 .debug_rnglists
                0x000000000000008b       0x13 ./Core/Src/stm32f4xx_hal_msp.o
 .debug_rnglists
                0x000000000000009e       0x43 ./Core/Src/stm32f4xx_it.o
 .debug_rnglists
                0x00000000000000e1       0x1a ./Core/Src/system_stm32f4xx.o
 .debug_rnglists
                0x00000000000000fb       0x19 ./Core/Startup/startup_stm32f446retx.o
 .debug_rnglists
                0x0000000000000114       0xaf ./Drivers/STM32F4xx_HAL_Driver/Src/stm32f4xx_hal.o
 .debug_rnglists
                0x00000000000001c3       0xd4 ./Drivers/STM32F4xx_HAL_Driver/Src/stm32f4xx_hal_cortex.o
 .debug_rnglists
                0x0000000000000297       0x78 ./Drivers/STM32F4xx_HAL_Driver/Src/stm32f4xx_hal_flash.o
 .debug_rnglists
                0x000000000000030f       0x96 ./Drivers/STM32F4xx_HAL_Driver/Src/stm32f4xx_hal_flash_ex.o
 .debug_rnglists
                0x00000000000003a5       0x3f ./Drivers/STM32F4xx_HAL_Driver/Src/stm32f4xx_hal_gpio.o
 .debug_rnglists
                0x00000000000003e4       0x74 ./Drivers/STM32F4xx_HAL_Driver/Src/stm32f4xx_hal_pwr.o
 .debug_rnglists
                0x0000000000000458       0x66 ./Drivers/STM32F4xx_HAL_Driver/Src/stm32f4xx_hal_rcc.o
 .debug_rnglists
                0x00000000000004be       0x5e ./Drivers/STM32F4xx_HAL_Driver/Src/stm32f4xx_hal_rcc_ex.o
 .debug_rnglists
                0x000000000000051c       0xb4 ./Drivers/STM32F4xx_HAL_Driver/Src/stm32f4xx_hal_rtc.o
 .debug_rnglists
                0x00000000000005d0       0xed ./Drivers/STM32F4xx_HAL_Driver/Src/stm32f4xx_hal_rtc_ex.o

.debug_macro    0x0000000000000000    0x21dae
 .debug_macro   0x0000000000000000      0x2b3 ./Core/Src/Silent_Bootloader_Logic.o
 .debug_macro   0x00000000000002b3      0xaa8 ./Core/Src/Silent_Bootloader_Logic.o
 .debug_macro   0x0000000000000d5b       0x2e ./Core/Src/Silent_Bootloader_Logic.o
 .debug_macro   0x0000000000000d89      0x295 ./Core/Src/Silent_Bootloader_Logic.o
 .debug_macro   0x000000000000101e       0x2e ./Core/Src/Silent_Bootloader_Logic.o
 .debug_macro   0x000000000000104c       0x28 ./Core/Src/Silent_Bootloader_Logic.o
 .debug_macro   0x0000000000001074       0x22 ./Core/Src/Silent_Bootloader_Logic.o
 .debug_macro   0x0000000000001096       0x8e ./Core/Src/Silent_Bootloader_Logic.o
 .debug_macro   0x0000000000001124       0x51 ./Core/Src/Silent_Bootloader_Logic.o
 .debug_macro   0x0000000000001175      0x103 ./Core/Src/Silent_Bootloader_Logic.o
 .debug_macro   0x0000000000001278       0x6a ./Core/Src/Silent_Bootloader_Logic.o
 .debug_macro   0x00000000000012e2      0x1df ./Core/Src/Silent_Bootloader_Logic.o
 .debug_macro   0x00000000000014c1       0x1c ./Core/Src/Silent_Bootloader_Logic.o
 .debug_macro   0x00000000000014dd       0x22 ./Core/Src/Silent_Bootloader_Logic.o
 .debug_macro   0x00000000000014ff       0xfb ./Core/Src/Silent_Bootloader_Logic.o
 .debug_macro   0x00000000000015fa     0x1011 ./Core/Src/Silent_Bootloader_Logic.o
 .debug_macro   0x000000000000260b      0x11f ./Core/Src/Silent_Bootloader_Logic.o
 .debug_macro   0x000000000000272a    0x16749 ./Core/Src/Silent_Bootloader_Logic.o
 .debug_macro   0x0000000000018e73       0x6d ./Core/Src/Silent_Bootloader_Logic.o
 .debug_macro   0x0000000000018ee0     0x368c ./Core/Src/Silent_Bootloader_Logic.o
 .debug_macro   0x000000000001c56c      0x174 ./Core/Src/Silent_Bootloader_Logic.o
 .debug_macro   0x000000000001c6e0       0x5c ./Core/Src/Silent_Bootloader_Logic.o
 .debug_macro   0x000000000001c73c      0xca5 ./Core/Src/Silent_Bootloader_Logic.o
 .debug_macro   0x000000000001d3e1      0x9e9 ./Core/Src/Silent_Bootloader_Logic.o
 .debug_macro   0x000000000001ddca      0x115 ./Core/Src/Silent_Bootloader_Logic.o
 .debug_macro   0x000000000001dedf      0x1a0 ./Core/Src/Silent_Bootloader_Logic.o
 .debug_macro   0x000000000001e07f       0xa5 ./Core/Src/Silent_Bootloader_Logic.o
 .debug_macro   0x000000000001e124      0x16d ./Core/Src/Silent_Bootloader_Logic.o
 .debug_macro   0x000000000001e291      0x287 ./Core/Src/Silent_Bootloader_Logic.o
 .debug_macro   0x000000000001e518       0x5f ./Core/Src/Silent_Bootloader_Logic.o
 .debug_macro   0x000000000001e577      0x236 ./Core/Src/Silent_Bootloader_Logic.o
 .debug_macro   0x000000000001e7ad      0x132 ./Core/Src/Silent_Bootloader_Logic.o
 .debug_macro   0x000000000001e8df      0x29c ./Core/Src/Silent_Bootloader_Logic.o
 .debug_macro   0x000000000001eb7b       0x2e ./Core/Src/Silent_Bootloader_Logic.o
 .debug_macro   0x000000000001eba9      0x127 ./Core/Src/Silent_Bootloader_Logic.o
 .debug_macro   0x000000000001ecd0       0xe8 ./Core/Src/Silent_Bootloader_Logic.o
 .debug_macro   0x000000000001edb8       0x89 ./Core/Src/Silent_Bootloader_Logic.o
 .debug_macro   0x000000000001ee41      0x30c ./Core/Src/Silent_Bootloader_Logic.o
 .debug_macro   0x000000000001f14d      0x44b ./Core/Src/Silent_Bootloader_Logic.o
 .debug_macro   0x000000000001f598       0xeb ./Core/Src/Silent_Bootloader_Logic.o
 .debug_macro   0x000000000001f683      0x126 ./Core/Src/Silent_Bootloader_Logic.o
 .debug_macro   0x000000000001f7a9       0x2e ./Core/Src/Silent_Bootloader_Logic.o
 .debug_macro   0x000000000001f7d7       0x61 ./Core/Src/Silent_Bootloader_Logic.o
 .debug_macro   0x000000000001f838       0x2a ./Core/Src/Silent_Bootloader_Logic.o
 .debug_macro   0x000000000001f862       0x43 ./Core/Src/Silent_Bootloader_Logic.o
 .debug_macro   0x000000000001f8a5       0x34 ./Core/Src/Silent_Bootloader_Logic.o
 .debug_macro   0x000000000001f8d9       0x16 ./Core/Src/Silent_Bootloader_Logic.o
 .debug_macro   0x000000000001f8ef       0x43 ./Core/Src/Silent_Bootloader_Logic.o
 .debug_macro   0x000000000001f932       0x34 ./Core/Src/Silent_Bootloader_Logic.o
 .debug_macro   0x000000000001f966       0x10 ./Core/Src/Silent_Bootloader_Logic.o
 .debug_macro   0x000000000001f976       0x58 ./Core/Src/Silent_Bootloader_Logic.o
 .debug_macro   0x000000000001f9ce       0x8e ./Core/Src/Silent_Bootloader_Logic.o
 .debug_macro   0x000000000001fa5c       0x1c ./Core/Src/Silent_Bootloader_Logic.o
 .debug_macro   0x000000000001fa78      0x177 ./Core/Src/Silent_Bootloader_Logic.o
 .debug_macro   0x000000000001fbef      0x369 ./Core/Src/Silent_Bootloader_Logic.o
 .debug_macro   0x000000000001ff58       0x10 ./Core/Src/Silent_Bootloader_Logic.o
 .debug_macro   0x000000000001ff68       0x35 ./Core/Src/Silent_Bootloader_Logic.o
 .debug_macro   0x000000000001ff9d       0x20 ./Core/Src/Silent_Bootloader_Logic.o
 .debug_macro   0x000000000001ffbd      0x1e2 ./Core/Src/gpio.o
 .debug_macro   0x000000000002019f       0x28 ./Core/Src/gpio.o
 .debug_macro   0x00000000000201c7      0x1f9 ./Core/Src/main.o
 .debug_macro   0x00000000000203c0      0x1e2 ./Core/Src/rtc.o
 .debug_macro   0x00000000000205a2      0x1d8 ./Core/Src/stm32f4xx_hal_msp.o
 .debug_macro   0x000000000002077a      0x1e2 ./Core/Src/stm32f4xx_it.o
 .debug_macro   0x000000000002095c      0x1c9 ./Core/Src/system_stm32f4xx.o
 .debug_macro   0x0000000000020b25      0x229 ./Drivers/STM32F4xx_HAL_Driver/Src/stm32f4xx_hal.o
 .debug_macro   0x0000000000020d4e      0x1c9 ./Drivers/STM32F4xx_HAL_Driver/Src/stm32f4xx_hal_cortex.o
 .debug_macro   0x0000000000020f17      0x1cf ./Drivers/STM32F4xx_HAL_Driver/Src/stm32f4xx_hal_flash.o
 .debug_macro   0x00000000000210e6      0x1cf ./Drivers/STM32F4xx_HAL_Driver/Src/stm32f4xx_hal_flash_ex.o
 .debug_macro   0x00000000000212b5      0x1cf ./Drivers/STM32F4xx_HAL_Driver/Src/stm32f4xx_hal_gpio.o
 .debug_macro   0x0000000000021484      0x1e1 ./Drivers/STM32F4xx_HAL_Driver/Src/stm32f4xx_hal_pwr.o
 .debug_macro   0x0000000000021665      0x1ed ./Drivers/STM32F4xx_HAL_Driver/Src/stm32f4xx_hal_rcc.o
 .debug_macro   0x0000000000021852      0x1c9 ./Drivers/STM32F4xx_HAL_Driver/Src/stm32f4xx_hal_rcc_ex.o
 .debug_macro   0x0000000000021a1b      0x1ca ./Drivers/STM32F4xx_HAL_Driver/Src/stm32f4xx_hal_rtc.o
 .debug_macro   0x0000000000021be5      0x1c9 ./Drivers/STM32F4xx_HAL_Driver/Src/stm32f4xx_hal_rtc_ex.o

.debug_line     0x0000000000000000     0xc277
 .debug_line    0x0000000000000000      0xa7b ./Core/Src/Silent_Bootloader_Logic.o
 .debug_line    0x0000000000000a7b      0x743 ./Core/Src/gpio.o
 .debug_line    0x00000000000011be      0x7d7 ./Core/Src/main.o
 .debug_line    0x0000000000001995      0x798 ./Core/Src/rtc.o
 .debug_line    0x000000000000212d      0x737 ./Core/Src/stm32f4xx_hal_msp.o
 .debug_line    0x0000000000002864      0x7f9 ./Core/Src/stm32f4xx_it.o
 .debug_line    0x000000000000305d      0x7b8 ./Core/Src/system_stm32f4xx.o
 .debug_line    0x0000000000003815       0x7a ./Core/Startup/startup_stm32f446retx.o
 .debug_line    0x000000000000388f      0xa1e ./Drivers/STM32F4xx_HAL_Driver/Src/stm32f4xx_hal.o
 .debug_line    0x00000000000042ad      0xcea ./Drivers/STM32F4xx_HAL_Driver/Src/stm32f4xx_hal_cortex.o
 .debug_line    0x0000000000004f97      0xabd ./Drivers/STM32F4xx_HAL_Driver/Src/stm32f4xx_hal_flash.o
 .debug_line    0x0000000000005a54      0xbc2 ./Drivers/STM32F4xx_HAL_Driver/Src/stm32f4xx_hal_flash_ex.o
 .debug_line    0x0000000000006616      0xb7e ./Drivers/STM32F4xx_HAL_Driver/Src/stm32f4xx_hal_gpio.o
 .debug_line    0x0000000000007194      0x936 ./Drivers/STM32F4xx_HAL_Driver/Src/stm32f4xx_hal_pwr.o
 .debug_line    0x0000000000007aca      0xda1 ./Drivers/STM32F4xx_HAL_Driver/Src/stm32f4xx_hal_rcc.o
 .debug_line    0x000000000000886b     0x143c ./Drivers/STM32F4xx_HAL_Driver/Src/stm32f4xx_hal_rcc_ex.o
 .debug_line    0x0000000000009ca7     0x1108 ./Drivers/STM32F4xx_HAL_Driver/Src/stm32f4xx_hal_rtc.o
 .debug_line    0x000000000000adaf     0x14c8 ./Drivers/STM32F4xx_HAL_Driver/Src/stm32f4xx_hal_rtc_ex.o

.debug_str      0x0000000000000000    0xcbf14
 .debug_str     0x0000000000000000    0xc943f ./Core/Src/Silent_Bootloader_Logic.o
                                      0xc972f (size before relaxing)
 .debug_str     0x00000000000c943f      0x1fb ./Core/Src/gpio.o
                                      0xc61cc (size before relaxing)
 .debug_str     0x00000000000c963a      0x19c ./Core/Src/main.o
                                      0xc63f0 (size before relaxing)
 .debug_str     0x00000000000c97d6      0x1e6 ./Core/Src/rtc.o
                                      0xc6453 (size before relaxing)
 .debug_str     0x00000000000c99bc       0x2c ./Core/Src/stm32f4xx_hal_msp.o
                                      0xc6101 (size before relaxing)
 .debug_str     0x00000000000c99e8       0xc9 ./Core/Src/stm32f4xx_it.o
                                      0xc6062 (size before relaxing)
 .debug_str     0x00000000000c9ab1       0x87 ./Core/Src/system_stm32f4xx.o
                                      0xc613b (size before relaxing)
 .debug_str     0x00000000000c9b38       0x34 ./Core/Startup/startup_stm32f446retx.o
                                         0x81 (size before relaxing)
 .debug_str     0x00000000000c9b6c      0xb38 ./Drivers/STM32F4xx_HAL_Driver/Src/stm32f4xx_hal.o
                                      0xc6d00 (size before relaxing)
 .debug_str     0x00000000000ca6a4      0x367 ./Drivers/STM32F4xx_HAL_Driver/Src/stm32f4xx_hal_cortex.o
                                      0xc6a25 (size before relaxing)
 .debug_str     0x00000000000caa0b      0x29e ./Drivers/STM32F4xx_HAL_Driver/Src/stm32f4xx_hal_flash.o
                                      0xc6306 (size before relaxing)
 .debug_str     0x00000000000caca9      0x2b3 ./Drivers/STM32F4xx_HAL_Driver/Src/stm32f4xx_hal_flash_ex.o
                                      0xc6429 (size before relaxing)
 .debug_str     0x00000000000caf5c      0x131 ./Drivers/STM32F4xx_HAL_Driver/Src/stm32f4xx_hal_gpio.o
                                      0xc62b6 (size before relaxing)
 .debug_str     0x00000000000cb08d      0x235 ./Drivers/STM32F4xx_HAL_Driver/Src/stm32f4xx_hal_pwr.o
                                      0xc6371 (size before relaxing)
 .debug_str     0x00000000000cb2c2      0x228 ./Drivers/STM32F4xx_HAL_Driver/Src/stm32f4xx_hal_rcc.o
                                      0xc6574 (size before relaxing)
 .debug_str     0x00000000000cb4ea      0x19d ./Drivers/STM32F4xx_HAL_Driver/Src/stm32f4xx_hal_rcc_ex.o
                                      0xc65a7 (size before relaxing)
 .debug_str     0x00000000000cb687      0x344 ./Drivers/STM32F4xx_HAL_Driver/Src/stm32f4xx_hal_rtc.o
                                      0xc6585 (size before relaxing)
 .debug_str     0x00000000000cb9cb      0x549 ./Drivers/STM32F4xx_HAL_Driver/Src/stm32f4xx_hal_rtc_ex.o
                                      0xc685c (size before relaxing)

.debug_frame    0x0000000000000000     0x231c
 .debug_frame   0x0000000000000000      0x104 ./Core/Src/Silent_Bootloader_Logic.o
 .debug_frame   0x0000000000000104       0x34 ./Core/Src/gpio.o
 .debug_frame   0x0000000000000138       0x68 ./Core/Src/main.o
 .debug_frame   0x00000000000001a0       0x78 ./Core/Src/rtc.o
 .debug_frame   0x0000000000000218       0x38 ./Core/Src/stm32f4xx_hal_msp.o
 .debug_frame   0x0000000000000250      0x104 ./Core/Src/stm32f4xx_it.o
 .debug_frame   0x0000000000000354       0x58 ./Core/Src/system_stm32f4xx.o
 .debug_frame   0x00000000000003ac      0x374 ./Drivers/STM32F4xx_HAL_Driver/Src/stm32f4xx_hal.o
 .debug_frame   0x0000000000000720      0x4b8 ./Drivers/STM32F4xx_HAL_Driver/Src/stm32f4xx_hal_cortex.o
 .debug_frame   0x0000000000000bd8      0x274 ./Drivers/STM32F4xx_HAL_Driver/Src/stm32f4xx_hal_flash.o
 .debug_frame   0x0000000000000e4c      0x334 ./Drivers/STM32F4xx_HAL_Driver/Src/stm32f4xx_hal_flash_ex.o
 .debug_frame   0x0000000000001180      0x14c ./Drivers/STM32F4xx_HAL_Driver/Src/stm32f4xx_hal_gpio.o
 .debug_frame   0x00000000000012cc      0x264 ./Drivers/STM32F4xx_HAL_Driver/Src/stm32f4xx_hal_pwr.o
 .debug_frame   0x0000000000001530      0x1f4 ./Drivers/STM32F4xx_HAL_Driver/Src/stm32f4xx_hal_rcc.o
 .debug_frame   0x0000000000001724      0x1e8 ./Drivers/STM32F4xx_HAL_Driver/Src/stm32f4xx_hal_rcc_ex.o
 .debug_frame   0x000000000000190c      0x3f4 ./Drivers/STM32F4xx_HAL_Driver/Src/stm32f4xx_hal_rtc.o
 .debug_frame   0x0000000000001d00      0x548 ./Drivers/STM32F4xx_HAL_Driver/Src/stm32f4xx_hal_rtc_ex.o
 .debug_frame   0x0000000000002248       0x20 C:/ST/STM32CubeIDE_1.14.0/STM32CubeIDE/plugins/com.st.stm32cube.ide.mcu.externaltools.gnu-tools-for-stm32.11.3.rel1.win32_1.1.100.202309141235/tools/bin/../lib/gcc/arm-none-eabi/11.3.1/../../../../arm-none-eabi/lib/thumb/v7e-m+fp/hard\libc_nano.a(libc_a-memset.o)
 .debug_frame   0x0000000000002268       0x2c C:/ST/STM32CubeIDE_1.14.0/STM32CubeIDE/plugins/com.st.stm32cube.ide.mcu.externaltools.gnu-tools-for-stm32.11.3.rel1.win32_1.1.100.202309141235/tools/bin/../lib/gcc/arm-none-eabi/11.3.1/../../../../arm-none-eabi/lib/thumb/v7e-m+fp/hard\libc_nano.a(libc_a-init.o)
 .debug_frame   0x0000000000002294       0x28 C:/ST/STM32CubeIDE_1.14.0/STM32CubeIDE/plugins/com.st.stm32cube.ide.mcu.externaltools.gnu-tools-for-stm32.11.3.rel1.win32_1.1.100.202309141235/tools/bin/../lib/gcc/arm-none-eabi/11.3.1/../../../../arm-none-eabi/lib/thumb/v7e-m+fp/hard\libc_nano.a(libc_a-memcpy-stub.o)
 .debug_frame   0x00000000000022bc       0x2c C:/ST/STM32CubeIDE_1.14.0/STM32CubeIDE/plugins/com.st.stm32cube.ide.mcu.externaltools.gnu-tools-for-stm32.11.3.rel1.win32_1.1.100.202309141235/tools/bin/../lib/gcc/arm-none-eabi/11.3.1/thumb/v7e-m+fp/hard\libgcc.a(_aeabi_uldivmod.o)
 .debug_frame   0x00000000000022e8       0x34 C:/ST/STM32CubeIDE_1.14.0/STM32CubeIDE/plugins/com.st.stm32cube.ide.mcu.externaltools.gnu-tools-for-stm32.11.3.rel1.win32_1.1.100.202309141235/tools/bin/../lib/gcc/arm-none-eabi/11.3.1/thumb/v7e-m+fp/hard\libgcc.a(_udivmoddi4.o)

.debug_line_str
                0x0000000000000000       0x75
 .debug_line_str
                0x0000000000000000       0x75 ./Core/Startup/startup_stm32f446retx.o
                                         0x8d (size before relaxing)
